runtime_initialises True 11 required checks
23_routes True 
all_routes_open True 
vocabulary_links_resolve True []
blank_check_blocked True 
wrong_first_hint True 
writing_unlocks True 
editing_saved_writing_is_draft True 
required_completion_and_first_attempt True 1 of 11 checks
guided_wrong_first_hint True 
guided_second_explanation True 
guided_correction_and_progress_isolation True 
vocab_drawer_opens True 
vocab_escape_closes True 
start_flash True 
options_and_items_saved_flash True 
start_blanks True 
options_and_items_saved_blanks True 
start_mc True 
options_and_items_saved_mc True 
start_mixed True 
options_and_items_saved_mixed True 
labeling_ch14-label-male True 
labeling_ch14-label-sperm True 
labeling_ch14-label-follicle True 
labeling_ch14-label-feedback True 
labeling_ch14-label-cycle True 
labeling_ch14-label-female True 
transfer_blank_blocked True 
transfer_first_submission_immutable True 
textbook_draft_saved True 
textbook_save True 
textbook_edit_returns_to_draft True 
textbook_image_enlarge True 
responsive_document_overflow True []
all_my_work_has_records True 
no_broken_loaded_embedded_images True []
state_no_embedded_image_payload True 34527 characters
storage_failure_truthful True NOT SAVED: Simulated quota failure Copy visible writing before closing this tab.
no_javascript_page_errors True []
