PASS 22-destinations-8-lessons
PASS Unique-DOM-IDs
PASS All-eight-lesson-routes
PASS Learner-1-fast-route-without-gating
PASS M09-literal-intermediate
PASS Equivalent-split-not-false-algebra
PASS M05-entry-repair-keeps-draft
PASS Learner-2-repair-return-and-focus
PASS Learner-3-specific-middle-term-feedback
PASS Learner-4-alternate-method-retained
PASS Unlimited-attempts-bounded-first-latest-three
PASS Learner-6-M14-support-not-retroactively-rewritten
PASS Canonical-hint-used-by-runtime
PASS Reasoning-and-completion-not-grade
PASS M15-restore-in-new-controlled-document
PASS Six-generated-frozen-instances
PASS Fresh-means-unexposed-mathematics
PASS Four-protected-records-do-not-block-practice
PASS Frozen-seed-parameters-pins-restore
PASS On-page-cancel-protects-unfinished-set
PASS Teacher-withdrawal-keeps-work-no-credit
PASS M13-labels-under-four-rotations
PASS M12-radians-different-requested-unit
PASS M11-angle-correct
PASS Trig-setup-reason-and-value-separate
PASS Process-preview-includes-trig
PASS Printable-report-not-submission
PASS Print-expands-retained-evidence
PASS Failed-storage-preserves-last-copy-draft-retry
PASS Invalid-restore-fails-closed
PASS Shared-owner-registration-acknowledgment-commit-failure
PASS Managed-conflict-requires-choice
PASS Learner-5-narrow-native-entry-and-focus
PASS 320px-diagram-and-controls-reflow
PASS Visible-worked-example-exposure-persists
PASS Earlier-preview-retained-with-recovery-route
PASS Previously-seen-mathematics-excluded-from-fresh-checks
{"passed": 37, "failed": 0, "uncaughtErrors": []}
