[
  {
    "unit": "B",
    "status": "core-reading-estimate-passes-manual-and-complete-content-audit-pending",
    "topics": [
      {
        "topicId": "b-topic-male-reproductive-structures",
        "words": 844,
        "sentences": 69,
        "averageSentenceWords": 12.2,
        "fleschKincaidGrade": 9.8
      },
      {
        "topicId": "b-topic-spermatogenesis",
        "words": 922,
        "sentences": 77,
        "averageSentenceWords": 12,
        "fleschKincaidGrade": 11.2
      },
      {
        "topicId": "b-topic-female-reproductive-structures",
        "words": 816,
        "sentences": 75,
        "averageSentenceWords": 10.9,
        "fleschKincaidGrade": 9.8
      },
      {
        "topicId": "b-topic-menstrual-cycle",
        "words": 1160,
        "sentences": 101,
        "averageSentenceWords": 11.5,
        "fleschKincaidGrade": 9.5
      },
      {
        "topicId": "b-topic-fertilization-to-implantation",
        "words": 786,
        "sentences": 74,
        "averageSentenceWords": 10.6,
        "fleschKincaidGrade": 9.3
      },
      {
        "topicId": "b-topic-hcg-and-gastrulation",
        "words": 730,
        "sentences": 65,
        "averageSentenceWords": 11.2,
        "fleschKincaidGrade": 8.8
      },
      {
        "topicId": "b-topic-extraembryonic-structures-and-organogenesis",
        "words": 846,
        "sentences": 75,
        "averageSentenceWords": 11.3,
        "fleschKincaidGrade": 8.8
      },
      {
        "topicId": "b-topic-parturition",
        "words": 1047,
        "sentences": 98,
        "averageSentenceWords": 10.7,
        "fleschKincaidGrade": 9.4
      }
    ],
    "highParts": []
  },
  {
    "unit": "C",
    "status": "core-reading-estimate-passes-manual-and-complete-content-audit-pending",
    "topics": [
      {
        "topicId": "c-topic-chromosomes-and-dna",
        "words": 567,
        "sentences": 49,
        "averageSentenceWords": 11.6,
        "fleschKincaidGrade": 9.6
      },
      {
        "topicId": "c-topic-the-cell-cycle",
        "words": 576,
        "sentences": 49,
        "averageSentenceWords": 11.8,
        "fleschKincaidGrade": 8.9
      },
      {
        "topicId": "c-topic-mitosis",
        "words": 738,
        "sentences": 69,
        "averageSentenceWords": 10.7,
        "fleschKincaidGrade": 8
      },
      {
        "topicId": "c-topic-meiosis-part-a",
        "words": 706,
        "sentences": 63,
        "averageSentenceWords": 11.2,
        "fleschKincaidGrade": 9.6
      },
      {
        "topicId": "c-topic-meiosis-part-b",
        "words": 728,
        "sentences": 65,
        "averageSentenceWords": 11.2,
        "fleschKincaidGrade": 9.4
      },
      {
        "topicId": "c-topic-reproductive-strategies",
        "words": 804,
        "sentences": 68,
        "averageSentenceWords": 11.8,
        "fleschKincaidGrade": 10.2
      },
      {
        "topicId": "c-topic-genes-alleles-and-traits",
        "words": 569,
        "sentences": 51,
        "averageSentenceWords": 11.2,
        "fleschKincaidGrade": 8.8
      },
      {
        "topicId": "c-topic-mendelian-genetics",
        "words": 754,
        "sentences": 65,
        "averageSentenceWords": 11.6,
        "fleschKincaidGrade": 9.5
      },
      {
        "topicId": "c-topic-single-and-two-trait-crosses",
        "words": 789,
        "sentences": 66,
        "averageSentenceWords": 12,
        "fleschKincaidGrade": 9.8
      },
      {
        "topicId": "c-topic-other-modes-of-inheritance",
        "words": 965,
        "sentences": 82,
        "averageSentenceWords": 11.8,
        "fleschKincaidGrade": 8.9
      },
      {
        "topicId": "c-topic-pedigrees",
        "words": 750,
        "sentences": 65,
        "averageSentenceWords": 11.5,
        "fleschKincaidGrade": 9.5
      },
      {
        "topicId": "c-topic-chromosome-mapping",
        "words": 745,
        "sentences": 67,
        "averageSentenceWords": 11.1,
        "fleschKincaidGrade": 9
      },
      {
        "topicId": "c-topic-dna-and-its-history",
        "words": 706,
        "sentences": 59,
        "averageSentenceWords": 12,
        "fleschKincaidGrade": 9.5
      },
      {
        "topicId": "c-topic-dna-replication",
        "words": 736,
        "sentences": 57,
        "averageSentenceWords": 12.9,
        "fleschKincaidGrade": 9.5
      },
      {
        "topicId": "c-topic-transcription",
        "words": 766,
        "sentences": 54,
        "averageSentenceWords": 14.2,
        "fleschKincaidGrade": 10.4
      },
      {
        "topicId": "c-topic-translation",
        "words": 745,
        "sentences": 50,
        "averageSentenceWords": 14.9,
        "fleschKincaidGrade": 10.7
      },
      {
        "topicId": "c-topic-mutations",
        "words": 743,
        "sentences": 55,
        "averageSentenceWords": 13.5,
        "fleschKincaidGrade": 10.7
      },
      {
        "topicId": "c-topic-genetic-technologies",
        "words": 1011,
        "sentences": 79,
        "averageSentenceWords": 12.8,
        "fleschKincaidGrade": 9.9
      }
    ],
    "highParts": []
  },
  {
    "unit": "D",
    "status": "core-reading-estimate-passes-manual-and-complete-content-audit-pending",
    "topics": [
      {
        "topicId": "d-topic-hardy-weinberg",
        "words": 968,
        "sentences": 79,
        "averageSentenceWords": 12.3,
        "fleschKincaidGrade": 9.6
      },
      {
        "topicId": "d-topic-mechanisms-of-change",
        "words": 974,
        "sentences": 84,
        "averageSentenceWords": 11.6,
        "fleschKincaidGrade": 10
      },
      {
        "topicId": "d-topic-population-growth",
        "words": 1114,
        "sentences": 90,
        "averageSentenceWords": 12.4,
        "fleschKincaidGrade": 10.1
      },
      {
        "topicId": "d-topic-life-strategies-and-ecological-relationships",
        "words": 1344,
        "sentences": 114,
        "averageSentenceWords": 11.8,
        "fleschKincaidGrade": 10.3
      }
    ],
    "highParts": []
  }
]
