[
  {
    "unit": "B",
    "status": "core-reading-estimate-passes-manual-and-complete-content-audit-pending",
    "topics": [
      {
        "topicId": "b-topic-male-reproductive-structures",
        "words": 853,
        "sentences": 66,
        "averageSentenceWords": 12.9,
        "fleschKincaidGrade": 11.3
      },
      {
        "topicId": "b-topic-spermatogenesis",
        "words": 922,
        "sentences": 77,
        "averageSentenceWords": 12,
        "fleschKincaidGrade": 11.2
      },
      {
        "topicId": "b-topic-female-reproductive-structures",
        "words": 768,
        "sentences": 62,
        "averageSentenceWords": 12.4,
        "fleschKincaidGrade": 12
      },
      {
        "topicId": "b-topic-menstrual-cycle",
        "words": 1050,
        "sentences": 84,
        "averageSentenceWords": 12.5,
        "fleschKincaidGrade": 10.7
      },
      {
        "topicId": "b-topic-fertilization-to-implantation",
        "words": 786,
        "sentences": 74,
        "averageSentenceWords": 10.6,
        "fleschKincaidGrade": 9.3
      },
      {
        "topicId": "b-topic-hcg-and-gastrulation",
        "words": 730,
        "sentences": 65,
        "averageSentenceWords": 11.2,
        "fleschKincaidGrade": 8.8
      },
      {
        "topicId": "b-topic-extraembryonic-structures-and-organogenesis",
        "words": 827,
        "sentences": 68,
        "averageSentenceWords": 12.2,
        "fleschKincaidGrade": 9.9
      },
      {
        "topicId": "b-topic-parturition",
        "words": 1042,
        "sentences": 92,
        "averageSentenceWords": 11.3,
        "fleschKincaidGrade": 10.4
      }
    ],
    "highParts": [
      {
        "id": "b-topic-male-reproductive-structures-reproductive-development-and-health",
        "grade": 13.2
      },
      {
        "id": "b-topic-female-reproductive-structures-oogenesis-and-meiotic-pauses",
        "grade": 13.1
      },
      {
        "id": "b-topic-female-reproductive-structures-structure-and-reproductive-function",
        "grade": 12.4
      },
      {
        "id": "b-topic-menstrual-cycle-follicle-growth-and-changing-feedback",
        "grade": 12.7
      },
      {
        "id": "b-topic-menstrual-cycle-corpus-luteum-and-the-endometrium",
        "grade": 12.6
      },
      {
        "id": "b-topic-extraembryonic-structures-and-organogenesis-maternal-and-fetal-circulation",
        "grade": 12.5
      },
      {
        "id": "b-topic-parturition-birth-and-the-transition",
        "grade": 12.1
      }
    ]
  },
  {
    "unit": "C",
    "status": "core-reading-estimate-passes-manual-and-complete-content-audit-pending",
    "topics": [
      {
        "topicId": "c-topic-chromosomes-and-dna",
        "words": 562,
        "sentences": 45,
        "averageSentenceWords": 12.5,
        "fleschKincaidGrade": 10.9
      },
      {
        "topicId": "c-topic-the-cell-cycle",
        "words": 545,
        "sentences": 41,
        "averageSentenceWords": 13.3,
        "fleschKincaidGrade": 11
      },
      {
        "topicId": "c-topic-mitosis",
        "words": 711,
        "sentences": 59,
        "averageSentenceWords": 12.1,
        "fleschKincaidGrade": 10.5
      },
      {
        "topicId": "c-topic-meiosis-part-a",
        "words": 699,
        "sentences": 60,
        "averageSentenceWords": 11.7,
        "fleschKincaidGrade": 10.6
      },
      {
        "topicId": "c-topic-meiosis-part-b",
        "words": 725,
        "sentences": 63,
        "averageSentenceWords": 11.5,
        "fleschKincaidGrade": 10.1
      },
      {
        "topicId": "c-topic-reproductive-strategies",
        "words": 805,
        "sentences": 63,
        "averageSentenceWords": 12.8,
        "fleschKincaidGrade": 11
      },
      {
        "topicId": "c-topic-genes-alleles-and-traits",
        "words": 557,
        "sentences": 47,
        "averageSentenceWords": 11.9,
        "fleschKincaidGrade": 9.9
      },
      {
        "topicId": "c-topic-mendelian-genetics",
        "words": 729,
        "sentences": 56,
        "averageSentenceWords": 13,
        "fleschKincaidGrade": 11.8
      },
      {
        "topicId": "c-topic-single-and-two-trait-crosses",
        "words": 699,
        "sentences": 55,
        "averageSentenceWords": 12.7,
        "fleschKincaidGrade": 11.4
      },
      {
        "topicId": "c-topic-other-modes-of-inheritance",
        "words": 935,
        "sentences": 68,
        "averageSentenceWords": 13.8,
        "fleschKincaidGrade": 10.9
      },
      {
        "topicId": "c-topic-pedigrees",
        "words": 732,
        "sentences": 59,
        "averageSentenceWords": 12.4,
        "fleschKincaidGrade": 10.5
      },
      {
        "topicId": "c-topic-chromosome-mapping",
        "words": 716,
        "sentences": 50,
        "averageSentenceWords": 14.3,
        "fleschKincaidGrade": 11.9
      },
      {
        "topicId": "c-topic-dna-and-its-history",
        "words": 706,
        "sentences": 59,
        "averageSentenceWords": 12,
        "fleschKincaidGrade": 9.5
      },
      {
        "topicId": "c-topic-dna-replication",
        "words": 707,
        "sentences": 50,
        "averageSentenceWords": 14.1,
        "fleschKincaidGrade": 12
      },
      {
        "topicId": "c-topic-transcription",
        "words": 766,
        "sentences": 54,
        "averageSentenceWords": 14.2,
        "fleschKincaidGrade": 10.4
      },
      {
        "topicId": "c-topic-translation",
        "words": 745,
        "sentences": 50,
        "averageSentenceWords": 14.9,
        "fleschKincaidGrade": 10.7
      },
      {
        "topicId": "c-topic-mutations",
        "words": 727,
        "sentences": 52,
        "averageSentenceWords": 14,
        "fleschKincaidGrade": 11.4
      },
      {
        "topicId": "c-topic-genetic-technologies",
        "words": 994,
        "sentences": 73,
        "averageSentenceWords": 13.6,
        "fleschKincaidGrade": 10.7
      }
    ],
    "highParts": [
      {
        "id": "c-topic-chromosomes-and-dna-reading-karyotypes",
        "grade": 12.2
      },
      {
        "id": "c-topic-the-cell-cycle-control-and-division",
        "grade": 13.4
      },
      {
        "id": "c-topic-mitosis-preparing-to-separate",
        "grade": 12.5
      },
      {
        "id": "c-topic-mitosis-finishing-cell-division",
        "grade": 12.3
      },
      {
        "id": "c-topic-meiosis-part-a-second-meiotic-division",
        "grade": 12.5
      },
      {
        "id": "c-topic-meiosis-part-b-twins-and-early-development",
        "grade": 13
      },
      {
        "id": "c-topic-reproductive-strategies-animal-strategies",
        "grade": 12.7
      },
      {
        "id": "c-topic-genes-alleles-and-traits-inheritance-language",
        "grade": 12.1
      },
      {
        "id": "c-topic-mendelian-genetics-controlled-crosses-and-evidence",
        "grade": 12.8
      },
      {
        "id": "c-topic-mendelian-genetics-segregation",
        "grade": 13.3
      },
      {
        "id": "c-topic-other-modes-of-inheritance-sex-linkage",
        "grade": 12.1
      },
      {
        "id": "c-topic-other-modes-of-inheritance-comparing-model-predictions",
        "grade": 13.3
      },
      {
        "id": "c-topic-pedigrees-autosomal-hypotheses",
        "grade": 12.1
      },
      {
        "id": "c-topic-chromosome-mapping-linkage-and-recombination",
        "grade": 12.4
      },
      {
        "id": "c-topic-chromosome-mapping-recombination-frequency",
        "grade": 12.1
      },
      {
        "id": "c-topic-chromosome-mapping-limits-of-linkage-estimates",
        "grade": 13.6
      },
      {
        "id": "c-topic-dna-replication-semiconservative-replication",
        "grade": 12.5
      },
      {
        "id": "c-topic-dna-replication-replication-evidence",
        "grade": 12.7
      },
      {
        "id": "c-topic-mutations-inheritance-and-variation",
        "grade": 12.2
      },
      {
        "id": "c-topic-genetic-technologies-amplifying-and-separating",
        "grade": 12.2
      }
    ]
  },
  {
    "unit": "D",
    "status": "core-reading-estimate-passes-manual-and-complete-content-audit-pending",
    "topics": [
      {
        "topicId": "d-topic-hardy-weinberg",
        "words": 878,
        "sentences": 62,
        "averageSentenceWords": 14.2,
        "fleschKincaidGrade": 11.7
      },
      {
        "topicId": "d-topic-mechanisms-of-change",
        "words": 974,
        "sentences": 84,
        "averageSentenceWords": 11.6,
        "fleschKincaidGrade": 10
      },
      {
        "topicId": "d-topic-population-growth",
        "words": 1084,
        "sentences": 79,
        "averageSentenceWords": 13.7,
        "fleschKincaidGrade": 11.6
      },
      {
        "topicId": "d-topic-life-strategies-and-ecological-relationships",
        "words": 1333,
        "sentences": 109,
        "averageSentenceWords": 12.2,
        "fleschKincaidGrade": 10.8
      }
    ],
    "highParts": [
      {
        "id": "d-topic-hardy-weinberg-equilibrium-assumptions",
        "grade": 12.6
      },
      {
        "id": "d-topic-hardy-weinberg-solving-and-checking",
        "grade": 12.6
      },
      {
        "id": "d-topic-population-growth-exponential-and-logistic-models",
        "grade": 12.2
      },
      {
        "id": "d-topic-population-growth-feedback-and-changing-limits",
        "grade": 12.1
      },
      {
        "id": "d-topic-life-strategies-and-ecological-relationships-interactions-and-their-effects",
        "grade": 12.3
      }
    ]
  }
]
