✔ production closure follows the connected owner, browser and cold source verifier without writing (78.214625ms)
✔ input closure refuses uncovered academic inputs, assets and changed external branding (0.300083ms)
✔ protected A baseline is exact and frozen contracts pass cold production preflight (3687.405ms)
✔ generated project checks target actual Pilot 2 routes and collection controls (638.8505ms)
✔ each all-unit maximum ordinary/Unicode state fits target and round-trips without duplicated work (22.691875ms)
✔ escaping and mixed legacy overflow reject atomically and preserve original and last valid payload (8.459542ms)
✔ save channels and exceptions are reported independently (0.706583ms)
✔ migration preserves byte-exact raw work without reassigning answers or completions (1.341375ms)
✔ written Frayer replacement requires scoped clear and leaves all unrelated work untouched (0.677958ms)
✔ corrupt, duplicate, unknown, cross-unit and oversized fields cannot silently overwrite work (0.437125ms)
✔ compact flags preserve the semantic set, accept earlier token arrays and reject changed map identities or unknown bits (6.815166ms)
✔ ordered responses preserve distinct, empty, Unicode and escaped writing, while sparse and earlier pairs remain readable (10.574917ms)
✔ PowerPoint source video inventory is complete without claiming reviewed clip acceptance (4146.155666ms)
ℹ tests 13
ℹ suites 0
ℹ pass 13
ℹ fail 0
ℹ cancelled 0
ℹ skipped 0
ℹ todo 0
ℹ duration_ms 4766.001041
