[
  {
    "unit": "B",
    "status": "engine-tests-passed-browser-integration-pending",
    "schemaSha256": "c918877d398d48ca696341effa2fd72d1fcbce3a666f16912cb0254e3a2157ae",
    "targetMaximumCharacters": 44000,
    "runtimeHardGuardCharacters": 48000,
    "fixtures": [
      {
        "fixture": "x",
        "filledTextFields": 101,
        "serializedCharacters": 30851,
        "withinTarget": true,
        "guardWouldAccept": true
      },
      {
        "fixture": "漢",
        "filledTextFields": 101,
        "serializedCharacters": 30851,
        "withinTarget": true,
        "guardWouldAccept": true
      },
      {
        "fixture": "🧬",
        "filledTextFields": 101,
        "serializedCharacters": 30851,
        "withinTarget": true,
        "guardWouldAccept": true
      },
      {
        "fixture": "quotes",
        "filledTextFields": 101,
        "serializedCharacters": 58601,
        "withinTarget": false,
        "guardWouldAccept": false
      },
      {
        "fixture": "JSON-escaped control",
        "filledTextFields": 101,
        "serializedCharacters": 169601,
        "withinTarget": false,
        "guardWouldAccept": false
      }
    ],
    "policy": "Ordinary and Unicode all-field maximum states fit the target. Heavy JSON escaping and combined legacy work may exceed the guard; reject the write without truncation or replacing the last valid local/LMS payload. Preserve and expose the original legacy payload. This is not live LMS certification.",
    "browserEvidence": null,
    "liveLmsCertification": false
  },
  {
    "unit": "C",
    "status": "engine-tests-passed-browser-integration-pending",
    "schemaSha256": "8a6e8ffeb42c312b451be992c7dd309a21e12106c722259852bc9a92f4cb8cc1",
    "targetMaximumCharacters": 44000,
    "runtimeHardGuardCharacters": 48000,
    "fixtures": [
      {
        "fixture": "x",
        "filledTextFields": 144,
        "serializedCharacters": 40269,
        "withinTarget": true,
        "guardWouldAccept": true
      },
      {
        "fixture": "漢",
        "filledTextFields": 144,
        "serializedCharacters": 40269,
        "withinTarget": true,
        "guardWouldAccept": true
      },
      {
        "fixture": "🧬",
        "filledTextFields": 144,
        "serializedCharacters": 40269,
        "withinTarget": true,
        "guardWouldAccept": true
      },
      {
        "fixture": "quotes",
        "filledTextFields": 144,
        "serializedCharacters": 75669,
        "withinTarget": false,
        "guardWouldAccept": false
      },
      {
        "fixture": "JSON-escaped control",
        "filledTextFields": 144,
        "serializedCharacters": 217269,
        "withinTarget": false,
        "guardWouldAccept": false
      }
    ],
    "policy": "Ordinary and Unicode all-field maximum states fit the target. Heavy JSON escaping and combined legacy work may exceed the guard; reject the write without truncation or replacing the last valid local/LMS payload. Preserve and expose the original legacy payload. This is not live LMS certification.",
    "browserEvidence": null,
    "liveLmsCertification": false
  },
  {
    "unit": "D",
    "status": "engine-tests-passed-browser-integration-pending",
    "schemaSha256": "f80e411366aa10b3c9fa4c542276157b3ead7f7846ad673f033790e830d1e90b",
    "targetMaximumCharacters": 44000,
    "runtimeHardGuardCharacters": 48000,
    "fixtures": [
      {
        "fixture": "x",
        "filledTextFields": 85,
        "serializedCharacters": 26164,
        "withinTarget": true,
        "guardWouldAccept": true
      },
      {
        "fixture": "漢",
        "filledTextFields": 85,
        "serializedCharacters": 26164,
        "withinTarget": true,
        "guardWouldAccept": true
      },
      {
        "fixture": "🧬",
        "filledTextFields": 85,
        "serializedCharacters": 26164,
        "withinTarget": true,
        "guardWouldAccept": true
      },
      {
        "fixture": "quotes",
        "filledTextFields": 85,
        "serializedCharacters": 49744,
        "withinTarget": false,
        "guardWouldAccept": false
      },
      {
        "fixture": "JSON-escaped control",
        "filledTextFields": 85,
        "serializedCharacters": 144064,
        "withinTarget": false,
        "guardWouldAccept": false
      }
    ],
    "policy": "Ordinary and Unicode all-field maximum states fit the target. Heavy JSON escaping and combined legacy work may exceed the guard; reject the write without truncation or replacing the last valid local/LMS payload. Preserve and expose the original legacy payload. This is not live LMS certification.",
    "browserEvidence": null,
    "liveLmsCertification": false
  }
]
