[
  {
    "unit": "B",
    "status": "engine-tests-passed-browser-integration-pending",
    "schemaSha256": "49bf59578daff7aae6135c847707a64e9626b9b007beb17ab2528fc6b272478e",
    "targetMaximumCharacters": 44000,
    "runtimeHardGuardCharacters": 48000,
    "fixtures": [
      {
        "fixture": "x",
        "filledTextFields": 99,
        "serializedCharacters": 30917,
        "withinTarget": true,
        "guardWouldAccept": true
      },
      {
        "fixture": "漢",
        "filledTextFields": 99,
        "serializedCharacters": 30917,
        "withinTarget": true,
        "guardWouldAccept": true
      },
      {
        "fixture": "🧬",
        "filledTextFields": 99,
        "serializedCharacters": 30917,
        "withinTarget": true,
        "guardWouldAccept": true
      },
      {
        "fixture": "quotes",
        "filledTextFields": 99,
        "serializedCharacters": 56557,
        "withinTarget": false,
        "guardWouldAccept": false
      },
      {
        "fixture": "JSON-escaped control",
        "filledTextFields": 99,
        "serializedCharacters": 159117,
        "withinTarget": false,
        "guardWouldAccept": false
      }
    ],
    "policy": "Ordinary and Unicode all-field maximum states fit the target. Heavy JSON escaping and combined legacy work may exceed the guard; reject the write without truncation or replacing the last valid local/LMS payload. Preserve and expose the original legacy payload. This is not live LMS certification.",
    "browserEvidence": null,
    "liveLmsCertification": false
  },
  {
    "unit": "C",
    "status": "engine-tests-passed-browser-integration-pending",
    "schemaSha256": "42108675235875123730b3c15d23e7559645bfd8af43c60221daea08b10479cf",
    "targetMaximumCharacters": 44000,
    "runtimeHardGuardCharacters": 48000,
    "fixtures": [
      {
        "fixture": "x",
        "filledTextFields": 144,
        "serializedCharacters": 43890,
        "withinTarget": true,
        "guardWouldAccept": true
      },
      {
        "fixture": "漢",
        "filledTextFields": 144,
        "serializedCharacters": 43890,
        "withinTarget": true,
        "guardWouldAccept": true
      },
      {
        "fixture": "🧬",
        "filledTextFields": 144,
        "serializedCharacters": 43890,
        "withinTarget": true,
        "guardWouldAccept": true
      },
      {
        "fixture": "quotes",
        "filledTextFields": 144,
        "serializedCharacters": 79290,
        "withinTarget": false,
        "guardWouldAccept": false
      },
      {
        "fixture": "JSON-escaped control",
        "filledTextFields": 144,
        "serializedCharacters": 220890,
        "withinTarget": false,
        "guardWouldAccept": false
      }
    ],
    "policy": "Ordinary and Unicode all-field maximum states fit the target. Heavy JSON escaping and combined legacy work may exceed the guard; reject the write without truncation or replacing the last valid local/LMS payload. Preserve and expose the original legacy payload. This is not live LMS certification.",
    "browserEvidence": null,
    "liveLmsCertification": false
  },
  {
    "unit": "D",
    "status": "engine-tests-passed-browser-integration-pending",
    "schemaSha256": "0f22ce24684ffe23c49607800b0505207d55fcfbda84846595c2deec630d9246",
    "targetMaximumCharacters": 44000,
    "runtimeHardGuardCharacters": 48000,
    "fixtures": [
      {
        "fixture": "x",
        "filledTextFields": 83,
        "serializedCharacters": 25504,
        "withinTarget": true,
        "guardWouldAccept": true
      },
      {
        "fixture": "漢",
        "filledTextFields": 83,
        "serializedCharacters": 25504,
        "withinTarget": true,
        "guardWouldAccept": true
      },
      {
        "fixture": "🧬",
        "filledTextFields": 83,
        "serializedCharacters": 25504,
        "withinTarget": true,
        "guardWouldAccept": true
      },
      {
        "fixture": "quotes",
        "filledTextFields": 83,
        "serializedCharacters": 46764,
        "withinTarget": false,
        "guardWouldAccept": true
      },
      {
        "fixture": "JSON-escaped control",
        "filledTextFields": 83,
        "serializedCharacters": 131804,
        "withinTarget": false,
        "guardWouldAccept": false
      }
    ],
    "policy": "Ordinary and Unicode all-field maximum states fit the target. Heavy JSON escaping and combined legacy work may exceed the guard; reject the write without truncation or replacing the last valid local/LMS payload. Preserve and expose the original legacy payload. This is not live LMS certification.",
    "browserEvidence": null,
    "liveLmsCertification": false
  }
]
