✔ P01 pair 12 / physical / decomposition / no application (6.872917ms)
✔ P01 pair 12 / physical / corrosion / no application (0.10925ms)
✔ P01 pair 12 / physical / composition / no application (0.064708ms)
✔ P01 pair 12 / physical / neutralization / no application (0.05175ms)
✔ P01 pair 12 / physical / combustion / no application (0.067167ms)
✔ P01 pair 12 / chemical / decomposition / no application (0.071875ms)
✔ P01 pair 12 / chemical / corrosion / no application (0.049042ms)
✔ P01 pair 12 / chemical / composition / no application (0.039584ms)
✔ P01 pair 12 / chemical / neutralization / no application (0.048667ms)
✔ P01 pair 12 / chemical / combustion / no application (0.10275ms)
✔ P01 pair 12 / insufficient / decomposition / no application (0.063792ms)
✔ P01 pair 12 / insufficient / corrosion / no application (0.039458ms)
✔ P01 pair 12 / insufficient / composition / no application (0.02775ms)
✔ P01 pair 12 / insufficient / neutralization / no application (0.023667ms)
✔ P01 pair 12 / insufficient / combustion / no application (0.023167ms)
✔ P01 pair 13 / physical / decomposition / no application (0.066625ms)
✔ P01 pair 13 / physical / corrosion / no application (0.025792ms)
✔ P01 pair 13 / physical / composition / no application (0.024083ms)
✔ P01 pair 13 / physical / neutralization / no application (0.037875ms)
✔ P01 pair 13 / physical / combustion / no application (0.024334ms)
✔ P01 pair 13 / chemical / decomposition / no application (0.023334ms)
✔ P01 pair 13 / chemical / corrosion / no application (0.0225ms)
✔ P01 pair 13 / chemical / composition / no application (0.0315ms)
✔ P01 pair 13 / chemical / neutralization / no application (0.021792ms)
✔ P01 pair 13 / chemical / combustion / no application (0.149833ms)
✔ P01 pair 13 / insufficient / decomposition / no application (0.050375ms)
✔ P01 pair 13 / insufficient / corrosion / no application (0.031917ms)
✔ P01 pair 13 / insufficient / composition / no application (0.025708ms)
✔ P01 pair 13 / insufficient / neutralization / no application (0.024667ms)
✔ P01 pair 13 / insufficient / combustion / no application (0.022542ms)
✔ P01 pair 14 / physical / decomposition / no application (0.036833ms)
✔ P01 pair 14 / physical / corrosion / no application (0.02325ms)
✔ P01 pair 14 / physical / composition / no application (0.023625ms)
✔ P01 pair 14 / physical / neutralization / no application (0.022167ms)
✔ P01 pair 14 / physical / combustion / no application (0.023084ms)
✔ P01 pair 14 / chemical / decomposition / no application (0.02675ms)
✔ P01 pair 14 / chemical / corrosion / no application (0.025708ms)
✔ P01 pair 14 / chemical / composition / no application (0.031667ms)
✔ P01 pair 14 / chemical / neutralization / no application (0.023416ms)
✔ P01 pair 14 / chemical / combustion / no application (0.022792ms)
✔ P01 pair 14 / insufficient / decomposition / no application (0.021ms)
✔ P01 pair 14 / insufficient / corrosion / no application (0.031583ms)
✔ P01 pair 14 / insufficient / composition / no application (0.020917ms)
✔ P01 pair 14 / insufficient / neutralization / no application (0.08425ms)
✔ P01 pair 14 / insufficient / combustion / no application (0.021416ms)
✔ P01 pair 23 / physical / decomposition / no application (0.02525ms)
✔ P01 pair 23 / physical / corrosion / no application (0.02275ms)
✔ P01 pair 23 / physical / composition / no application (0.032ms)
✔ P01 pair 23 / physical / neutralization / no application (0.02125ms)
✔ P01 pair 23 / physical / combustion / no application (0.021584ms)
✔ P01 pair 23 / chemical / decomposition / no application (0.022417ms)
✔ P01 pair 23 / chemical / corrosion / no application (0.030667ms)
✔ P01 pair 23 / chemical / composition / no application (0.021167ms)
✔ P01 pair 23 / chemical / neutralization / no application (0.02325ms)
✔ P01 pair 23 / chemical / combustion / no application (0.083375ms)
✔ P01 pair 23 / insufficient / decomposition / no application (0.095833ms)
✔ P01 pair 23 / insufficient / corrosion / no application (0.033292ms)
✔ P01 pair 23 / insufficient / composition / no application (0.027459ms)
✔ P01 pair 23 / insufficient / neutralization / no application (0.034959ms)
✔ P01 pair 23 / insufficient / combustion / no application (0.031791ms)
✔ P01 pair 24 / physical / decomposition / no application (0.02525ms)
✔ P01 pair 24 / physical / corrosion / no application (0.036875ms)
✔ P01 pair 24 / physical / composition / no application (0.022459ms)
✔ P01 pair 24 / physical / neutralization / no application (0.042208ms)
✔ P01 pair 24 / physical / combustion / no application (0.032834ms)
✔ P01 pair 24 / chemical / decomposition / no application (0.021375ms)
✔ P01 pair 24 / chemical / corrosion / no application (0.020958ms)
✔ P01 pair 24 / chemical / composition / no application (0.021083ms)
✔ P01 pair 24 / chemical / neutralization / no application (0.036125ms)
✔ P01 pair 24 / chemical / combustion / no application (0.025125ms)
✔ P01 pair 24 / insufficient / decomposition / no application (0.020458ms)
✔ P01 pair 24 / insufficient / corrosion / no application (0.0255ms)
✔ P01 pair 24 / insufficient / composition / no application (0.027042ms)
✔ P01 pair 24 / insufficient / neutralization / no application (0.024709ms)
✔ P01 pair 24 / insufficient / combustion / no application (0.022875ms)
✔ P01 pair 34 / physical / decomposition / no application (0.020542ms)
✔ P01 pair 34 / physical / corrosion / no application (0.02125ms)
✔ P01 pair 34 / physical / composition / no application (0.023459ms)
✔ P01 pair 34 / physical / neutralization / no application (0.022084ms)
✔ P01 pair 34 / physical / combustion / no application (0.020375ms)
✔ P01 pair 34 / chemical / decomposition / no application (0.019791ms)
✔ P01 pair 34 / chemical / corrosion / no application (0.020375ms)
✔ P01 pair 34 / chemical / composition / no application (0.022125ms)
✔ P01 pair 34 / chemical / neutralization / no application (0.019416ms)
✔ P01 pair 34 / chemical / combustion / no application (0.019292ms)
✔ P01 pair 34 / insufficient / decomposition / no application (0.047917ms)
✔ P01 pair 34 / insufficient / corrosion / no application (0.0195ms)
✔ P01 pair 34 / insufficient / composition / no application (0.019166ms)
✔ P01 pair 34 / insufficient / neutralization / no application (0.030042ms)
✔ P01 pair 34 / insufficient / combustion / no application (0.019708ms)
✔ P01 incomplete input not counted or hint unlocked (0.145166ms)
✔ P01 two openings, no duplicate/unknown/free reveal (0.048459ms)
✔ P01 no advance on old success; explicit revision; attempt history retained (1.265208ms)
✔ P01 reopen retains seen identities, submitted attempts and support count (0.12375ms)
✔ P01 hints capped and no hint after successful submission (0.213959ms)
✔ P01 finalization requires four rubric checks and unchanged snapshot (2.5315ms)
✔ P02 pair 12 / physical / decomposition / barrier_coating (0.070417ms)
✔ P02 pair 12 / physical / decomposition / polish_only (0.031167ms)
✔ P02 pair 12 / physical / decomposition / no_action (0.026417ms)
✔ P02 pair 12 / physical / corrosion / barrier_coating (0.028083ms)
✔ P02 pair 12 / physical / corrosion / polish_only (0.024458ms)
✔ P02 pair 12 / physical / corrosion / no_action (0.02425ms)
✔ P02 pair 12 / physical / composition / barrier_coating (0.025917ms)
✔ P02 pair 12 / physical / composition / polish_only (0.02375ms)
✔ P02 pair 12 / physical / composition / no_action (0.093291ms)
✔ P02 pair 12 / physical / neutralization / barrier_coating (0.028167ms)
✔ P02 pair 12 / physical / neutralization / polish_only (0.032041ms)
✔ P02 pair 12 / physical / neutralization / no_action (0.048667ms)
✔ P02 pair 12 / physical / combustion / barrier_coating (0.151833ms)
✔ P02 pair 12 / physical / combustion / polish_only (0.035375ms)
✔ P02 pair 12 / physical / combustion / no_action (0.168958ms)
✔ P02 pair 12 / chemical / decomposition / barrier_coating (0.072ms)
✔ P02 pair 12 / chemical / decomposition / polish_only (0.066792ms)
✔ P02 pair 12 / chemical / decomposition / no_action (0.049125ms)
✔ P02 pair 12 / chemical / corrosion / barrier_coating (0.038584ms)
✔ P02 pair 12 / chemical / corrosion / polish_only (0.088375ms)
✔ P02 pair 12 / chemical / corrosion / no_action (0.044625ms)
✔ P02 pair 12 / chemical / composition / barrier_coating (0.028ms)
✔ P02 pair 12 / chemical / composition / polish_only (0.022583ms)
✔ P02 pair 12 / chemical / composition / no_action (0.023ms)
✔ P02 pair 12 / chemical / neutralization / barrier_coating (0.022625ms)
✔ P02 pair 12 / chemical / neutralization / polish_only (0.022792ms)
✔ P02 pair 12 / chemical / neutralization / no_action (0.020834ms)
✔ P02 pair 12 / chemical / combustion / barrier_coating (0.020625ms)
✔ P02 pair 12 / chemical / combustion / polish_only (0.019292ms)
✔ P02 pair 12 / chemical / combustion / no_action (0.020625ms)
✔ P02 pair 12 / insufficient / decomposition / barrier_coating (0.024291ms)
✔ P02 pair 12 / insufficient / decomposition / polish_only (0.018167ms)
✔ P02 pair 12 / insufficient / decomposition / no_action (0.018792ms)
✔ P02 pair 12 / insufficient / corrosion / barrier_coating (0.018792ms)
✔ P02 pair 12 / insufficient / corrosion / polish_only (0.016833ms)
✔ P02 pair 12 / insufficient / corrosion / no_action (0.017583ms)
✔ P02 pair 12 / insufficient / composition / barrier_coating (0.017666ms)
✔ P02 pair 12 / insufficient / composition / polish_only (0.017625ms)
✔ P02 pair 12 / insufficient / composition / no_action (0.018375ms)
✔ P02 pair 12 / insufficient / neutralization / barrier_coating (0.01675ms)
✔ P02 pair 12 / insufficient / neutralization / polish_only (0.016917ms)
✔ P02 pair 12 / insufficient / neutralization / no_action (0.018042ms)
✔ P02 pair 12 / insufficient / combustion / barrier_coating (0.017417ms)
✔ P02 pair 12 / insufficient / combustion / polish_only (0.017292ms)
✔ P02 pair 12 / insufficient / combustion / no_action (0.019125ms)
✔ P02 pair 13 / physical / decomposition / barrier_coating (0.021959ms)
✔ P02 pair 13 / physical / decomposition / polish_only (0.018459ms)
✔ P02 pair 13 / physical / decomposition / no_action (0.017625ms)
✔ P02 pair 13 / physical / corrosion / barrier_coating (0.023333ms)
✔ P02 pair 13 / physical / corrosion / polish_only (0.018209ms)
✔ P02 pair 13 / physical / corrosion / no_action (0.018833ms)
✔ P02 pair 13 / physical / composition / barrier_coating (0.019542ms)
✔ P02 pair 13 / physical / composition / polish_only (0.019333ms)
✔ P02 pair 13 / physical / composition / no_action (0.038584ms)
✔ P02 pair 13 / physical / neutralization / barrier_coating (0.02625ms)
✔ P02 pair 13 / physical / neutralization / polish_only (0.021417ms)
✔ P02 pair 13 / physical / neutralization / no_action (0.019709ms)
✔ P02 pair 13 / physical / combustion / barrier_coating (0.018667ms)
✔ P02 pair 13 / physical / combustion / polish_only (0.018ms)
✔ P02 pair 13 / physical / combustion / no_action (0.018292ms)
✔ P02 pair 13 / chemical / decomposition / barrier_coating (0.021417ms)
✔ P02 pair 13 / chemical / decomposition / polish_only (0.020542ms)
✔ P02 pair 13 / chemical / decomposition / no_action (0.021ms)
✔ P02 pair 13 / chemical / corrosion / barrier_coating (0.019ms)
✔ P02 pair 13 / chemical / corrosion / polish_only (0.018417ms)
✔ P02 pair 13 / chemical / corrosion / no_action (0.044875ms)
✔ P02 pair 13 / chemical / composition / barrier_coating (0.025542ms)
✔ P02 pair 13 / chemical / composition / polish_only (0.020083ms)
✔ P02 pair 13 / chemical / composition / no_action (0.038042ms)
✔ P02 pair 13 / chemical / neutralization / barrier_coating (0.019542ms)
✔ P02 pair 13 / chemical / neutralization / polish_only (0.018125ms)
✔ P02 pair 13 / chemical / neutralization / no_action (0.018833ms)
✔ P02 pair 13 / chemical / combustion / barrier_coating (0.018417ms)
✔ P02 pair 13 / chemical / combustion / polish_only (0.031916ms)
✔ P02 pair 13 / chemical / combustion / no_action (0.033334ms)
✔ P02 pair 13 / insufficient / decomposition / barrier_coating (0.025042ms)
✔ P02 pair 13 / insufficient / decomposition / polish_only (0.041ms)
✔ P02 pair 13 / insufficient / decomposition / no_action (0.028625ms)
✔ P02 pair 13 / insufficient / corrosion / barrier_coating (0.019709ms)
✔ P02 pair 13 / insufficient / corrosion / polish_only (0.021042ms)
✔ P02 pair 13 / insufficient / corrosion / no_action (0.017625ms)
✔ P02 pair 13 / insufficient / composition / barrier_coating (0.018ms)
✔ P02 pair 13 / insufficient / composition / polish_only (0.017334ms)
✔ P02 pair 13 / insufficient / composition / no_action (0.01775ms)
✔ P02 pair 13 / insufficient / neutralization / barrier_coating (0.017625ms)
✔ P02 pair 13 / insufficient / neutralization / polish_only (0.017291ms)
✔ P02 pair 13 / insufficient / neutralization / no_action (0.017584ms)
✔ P02 pair 13 / insufficient / combustion / barrier_coating (0.0175ms)
✔ P02 pair 13 / insufficient / combustion / polish_only (0.020417ms)
✔ P02 pair 13 / insufficient / combustion / no_action (0.018625ms)
✔ P02 pair 14 / physical / decomposition / barrier_coating (0.084625ms)
✔ P02 pair 14 / physical / decomposition / polish_only (0.029209ms)
✔ P02 pair 14 / physical / decomposition / no_action (0.021625ms)
✔ P02 pair 14 / physical / corrosion / barrier_coating (0.019667ms)
✔ P02 pair 14 / physical / corrosion / polish_only (0.021209ms)
✔ P02 pair 14 / physical / corrosion / no_action (0.051041ms)
✔ P02 pair 14 / physical / composition / barrier_coating (0.019041ms)
✔ P02 pair 14 / physical / composition / polish_only (0.021792ms)
✔ P02 pair 14 / physical / composition / no_action (0.031167ms)
✔ P02 pair 14 / physical / neutralization / barrier_coating (0.02025ms)
✔ P02 pair 14 / physical / neutralization / polish_only (0.0185ms)
✔ P02 pair 14 / physical / neutralization / no_action (0.019042ms)
✔ P02 pair 14 / physical / combustion / barrier_coating (0.020083ms)
✔ P02 pair 14 / physical / combustion / polish_only (0.018583ms)
✔ P02 pair 14 / physical / combustion / no_action (0.019167ms)
✔ P02 pair 14 / chemical / decomposition / barrier_coating (0.023584ms)
✔ P02 pair 14 / chemical / decomposition / polish_only (0.02725ms)
✔ P02 pair 14 / chemical / decomposition / no_action (0.021042ms)
✔ P02 pair 14 / chemical / corrosion / barrier_coating (0.020166ms)
✔ P02 pair 14 / chemical / corrosion / polish_only (0.032958ms)
✔ P02 pair 14 / chemical / corrosion / no_action (0.023667ms)
✔ P02 pair 14 / chemical / composition / barrier_coating (0.020291ms)
✔ P02 pair 14 / chemical / composition / polish_only (0.023292ms)
✔ P02 pair 14 / chemical / composition / no_action (0.0235ms)
✔ P02 pair 14 / chemical / neutralization / barrier_coating (0.024583ms)
✔ P02 pair 14 / chemical / neutralization / polish_only (0.020459ms)
✔ P02 pair 14 / chemical / neutralization / no_action (0.019167ms)
✔ P02 pair 14 / chemical / combustion / barrier_coating (0.019292ms)
✔ P02 pair 14 / chemical / combustion / polish_only (0.019792ms)
✔ P02 pair 14 / chemical / combustion / no_action (0.01875ms)
✔ P02 pair 14 / insufficient / decomposition / barrier_coating (0.017708ms)
✔ P02 pair 14 / insufficient / decomposition / polish_only (0.017541ms)
✔ P02 pair 14 / insufficient / decomposition / no_action (0.020083ms)
✔ P02 pair 14 / insufficient / corrosion / barrier_coating (0.01925ms)
✔ P02 pair 14 / insufficient / corrosion / polish_only (0.019458ms)
✔ P02 pair 14 / insufficient / corrosion / no_action (0.019375ms)
✔ P02 pair 14 / insufficient / composition / barrier_coating (0.019792ms)
✔ P02 pair 14 / insufficient / composition / polish_only (0.020375ms)
✔ P02 pair 14 / insufficient / composition / no_action (0.017917ms)
✔ P02 pair 14 / insufficient / neutralization / barrier_coating (0.016958ms)
✔ P02 pair 14 / insufficient / neutralization / polish_only (0.01725ms)
✔ P02 pair 14 / insufficient / neutralization / no_action (0.017334ms)
✔ P02 pair 14 / insufficient / combustion / barrier_coating (0.0185ms)
✔ P02 pair 14 / insufficient / combustion / polish_only (0.020792ms)
✔ P02 pair 14 / insufficient / combustion / no_action (0.021583ms)
✔ P02 pair 23 / physical / decomposition / barrier_coating (0.053ms)
✔ P02 pair 23 / physical / decomposition / polish_only (0.017666ms)
✔ P02 pair 23 / physical / decomposition / no_action (0.051834ms)
✔ P02 pair 23 / physical / corrosion / barrier_coating (0.01825ms)
✔ P02 pair 23 / physical / corrosion / polish_only (0.017375ms)
✔ P02 pair 23 / physical / corrosion / no_action (0.052375ms)
✔ P02 pair 23 / physical / composition / barrier_coating (0.088916ms)
✔ P02 pair 23 / physical / composition / polish_only (0.120125ms)
✔ P02 pair 23 / physical / composition / no_action (0.023375ms)
✔ P02 pair 23 / physical / neutralization / barrier_coating (0.018459ms)
✔ P02 pair 23 / physical / neutralization / polish_only (0.021208ms)
✔ P02 pair 23 / physical / neutralization / no_action (0.028458ms)
✔ P02 pair 23 / physical / combustion / barrier_coating (0.018ms)
✔ P02 pair 23 / physical / combustion / polish_only (0.022292ms)
✔ P02 pair 23 / physical / combustion / no_action (0.020417ms)
✔ P02 pair 23 / chemical / decomposition / barrier_coating (0.019625ms)
✔ P02 pair 23 / chemical / decomposition / polish_only (0.018625ms)
✔ P02 pair 23 / chemical / decomposition / no_action (0.018791ms)
✔ P02 pair 23 / chemical / corrosion / barrier_coating (0.018542ms)
✔ P02 pair 23 / chemical / corrosion / polish_only (0.022292ms)
✔ P02 pair 23 / chemical / corrosion / no_action (0.01775ms)
✔ P02 pair 23 / chemical / composition / barrier_coating (0.018083ms)
✔ P02 pair 23 / chemical / composition / polish_only (0.085667ms)
✔ P02 pair 23 / chemical / composition / no_action (0.027209ms)
✔ P02 pair 23 / chemical / neutralization / barrier_coating (0.036083ms)
✔ P02 pair 23 / chemical / neutralization / polish_only (0.02125ms)
✔ P02 pair 23 / chemical / neutralization / no_action (0.018541ms)
✔ P02 pair 23 / chemical / combustion / barrier_coating (0.02275ms)
✔ P02 pair 23 / chemical / combustion / polish_only (0.017666ms)
✔ P02 pair 23 / chemical / combustion / no_action (0.019875ms)
✔ P02 pair 23 / insufficient / decomposition / barrier_coating (0.022666ms)
✔ P02 pair 23 / insufficient / decomposition / polish_only (0.017041ms)
✔ P02 pair 23 / insufficient / decomposition / no_action (1.976375ms)
✔ P02 pair 23 / insufficient / corrosion / barrier_coating (0.028041ms)
✔ P02 pair 23 / insufficient / corrosion / polish_only (0.020834ms)
✔ P02 pair 23 / insufficient / corrosion / no_action (0.020666ms)
✔ P02 pair 23 / insufficient / composition / barrier_coating (0.018834ms)
✔ P02 pair 23 / insufficient / composition / polish_only (0.018458ms)
✔ P02 pair 23 / insufficient / composition / no_action (0.017792ms)
✔ P02 pair 23 / insufficient / neutralization / barrier_coating (0.016625ms)
✔ P02 pair 23 / insufficient / neutralization / polish_only (0.016708ms)
✔ P02 pair 23 / insufficient / neutralization / no_action (0.028583ms)
✔ P02 pair 23 / insufficient / combustion / barrier_coating (0.018167ms)
✔ P02 pair 23 / insufficient / combustion / polish_only (0.018625ms)
✔ P02 pair 23 / insufficient / combustion / no_action (0.022583ms)
✔ P02 pair 24 / physical / decomposition / barrier_coating (0.019667ms)
✔ P02 pair 24 / physical / decomposition / polish_only (0.01675ms)
✔ P02 pair 24 / physical / decomposition / no_action (0.016292ms)
✔ P02 pair 24 / physical / corrosion / barrier_coating (0.017041ms)
✔ P02 pair 24 / physical / corrosion / polish_only (0.017333ms)
✔ P02 pair 24 / physical / corrosion / no_action (0.01625ms)
✔ P02 pair 24 / physical / composition / barrier_coating (0.016792ms)
✔ P02 pair 24 / physical / composition / polish_only (0.01625ms)
✔ P02 pair 24 / physical / composition / no_action (0.015875ms)
✔ P02 pair 24 / physical / neutralization / barrier_coating (0.015958ms)
✔ P02 pair 24 / physical / neutralization / polish_only (0.017959ms)
✔ P02 pair 24 / physical / neutralization / no_action (0.016042ms)
✔ P02 pair 24 / physical / combustion / barrier_coating (0.018083ms)
✔ P02 pair 24 / physical / combustion / polish_only (0.018167ms)
✔ P02 pair 24 / physical / combustion / no_action (0.016041ms)
✔ P02 pair 24 / chemical / decomposition / barrier_coating (0.019375ms)
✔ P02 pair 24 / chemical / decomposition / polish_only (0.017583ms)
✔ P02 pair 24 / chemical / decomposition / no_action (0.016875ms)
✔ P02 pair 24 / chemical / corrosion / barrier_coating (0.016916ms)
✔ P02 pair 24 / chemical / corrosion / polish_only (0.016584ms)
✔ P02 pair 24 / chemical / corrosion / no_action (0.016959ms)
✔ P02 pair 24 / chemical / composition / barrier_coating (0.018709ms)
✔ P02 pair 24 / chemical / composition / polish_only (0.018292ms)
✔ P02 pair 24 / chemical / composition / no_action (0.019917ms)
✔ P02 pair 24 / chemical / neutralization / barrier_coating (0.017125ms)
✔ P02 pair 24 / chemical / neutralization / polish_only (0.018458ms)
✔ P02 pair 24 / chemical / neutralization / no_action (0.017125ms)
✔ P02 pair 24 / chemical / combustion / barrier_coating (4.758166ms)
✔ P02 pair 24 / chemical / combustion / polish_only (0.081666ms)
✔ P02 pair 24 / chemical / combustion / no_action (0.024292ms)
✔ P02 pair 24 / insufficient / decomposition / barrier_coating (0.064875ms)
✔ P02 pair 24 / insufficient / decomposition / polish_only (0.03225ms)
✔ P02 pair 24 / insufficient / decomposition / no_action (0.021125ms)
✔ P02 pair 24 / insufficient / corrosion / barrier_coating (0.063792ms)
✔ P02 pair 24 / insufficient / corrosion / polish_only (0.029083ms)
✔ P02 pair 24 / insufficient / corrosion / no_action (0.02125ms)
✔ P02 pair 24 / insufficient / composition / barrier_coating (0.018917ms)
✔ P02 pair 24 / insufficient / composition / polish_only (0.018584ms)
✔ P02 pair 24 / insufficient / composition / no_action (0.02725ms)
✔ P02 pair 24 / insufficient / neutralization / barrier_coating (0.020125ms)
✔ P02 pair 24 / insufficient / neutralization / polish_only (0.020667ms)
✔ P02 pair 24 / insufficient / neutralization / no_action (0.0185ms)
✔ P02 pair 24 / insufficient / combustion / barrier_coating (0.020791ms)
✔ P02 pair 24 / insufficient / combustion / polish_only (0.0185ms)
✔ P02 pair 24 / insufficient / combustion / no_action (0.018333ms)
✔ P02 pair 34 / physical / decomposition / barrier_coating (0.021833ms)
✔ P02 pair 34 / physical / decomposition / polish_only (0.018875ms)
✔ P02 pair 34 / physical / decomposition / no_action (0.018834ms)
✔ P02 pair 34 / physical / corrosion / barrier_coating (0.01725ms)
✔ P02 pair 34 / physical / corrosion / polish_only (0.024542ms)
✔ P02 pair 34 / physical / corrosion / no_action (0.018541ms)
✔ P02 pair 34 / physical / composition / barrier_coating (0.022167ms)
✔ P02 pair 34 / physical / composition / polish_only (0.072125ms)
✔ P02 pair 34 / physical / composition / no_action (0.043542ms)
✔ P02 pair 34 / physical / neutralization / barrier_coating (0.070584ms)
✔ P02 pair 34 / physical / neutralization / polish_only (0.020834ms)
✔ P02 pair 34 / physical / neutralization / no_action (0.020625ms)
✔ P02 pair 34 / physical / combustion / barrier_coating (0.018875ms)
✔ P02 pair 34 / physical / combustion / polish_only (0.087958ms)
✔ P02 pair 34 / physical / combustion / no_action (0.0245ms)
✔ P02 pair 34 / chemical / decomposition / barrier_coating (0.023083ms)
✔ P02 pair 34 / chemical / decomposition / polish_only (0.054917ms)
✔ P02 pair 34 / chemical / decomposition / no_action (0.0195ms)
✔ P02 pair 34 / chemical / corrosion / barrier_coating (0.018833ms)
✔ P02 pair 34 / chemical / corrosion / polish_only (0.068209ms)
✔ P02 pair 34 / chemical / corrosion / no_action (0.0305ms)
✔ P02 pair 34 / chemical / composition / barrier_coating (0.019834ms)
✔ P02 pair 34 / chemical / composition / polish_only (0.020959ms)
✔ P02 pair 34 / chemical / composition / no_action (0.059833ms)
✔ P02 pair 34 / chemical / neutralization / barrier_coating (0.025458ms)
✔ P02 pair 34 / chemical / neutralization / polish_only (0.069625ms)
✔ P02 pair 34 / chemical / neutralization / no_action (0.046208ms)
✔ P02 pair 34 / chemical / combustion / barrier_coating (0.090625ms)
✔ P02 pair 34 / chemical / combustion / polish_only (0.070292ms)
✔ P02 pair 34 / chemical / combustion / no_action (0.021542ms)
✔ P02 pair 34 / insufficient / decomposition / barrier_coating (0.085333ms)
✔ P02 pair 34 / insufficient / decomposition / polish_only (0.019833ms)
✔ P02 pair 34 / insufficient / decomposition / no_action (0.019125ms)
✔ P02 pair 34 / insufficient / corrosion / barrier_coating (0.06125ms)
✔ P02 pair 34 / insufficient / corrosion / polish_only (0.017959ms)
✔ P02 pair 34 / insufficient / corrosion / no_action (0.02ms)
✔ P02 pair 34 / insufficient / composition / barrier_coating (0.020958ms)
✔ P02 pair 34 / insufficient / composition / polish_only (0.017459ms)
✔ P02 pair 34 / insufficient / composition / no_action (0.018375ms)
✔ P02 pair 34 / insufficient / neutralization / barrier_coating (0.023041ms)
✔ P02 pair 34 / insufficient / neutralization / polish_only (0.016625ms)
✔ P02 pair 34 / insufficient / neutralization / no_action (0.076875ms)
✔ P02 pair 34 / insufficient / combustion / barrier_coating (0.073541ms)
✔ P02 pair 34 / insufficient / combustion / polish_only (0.023875ms)
✔ P02 pair 34 / insufficient / combustion / no_action (0.052541ms)
✔ P02 incomplete input not counted or hint unlocked (0.029375ms)
✔ P02 two openings, no duplicate/unknown/free reveal (0.019125ms)
✔ P02 no advance on old success; explicit revision; attempt history retained (0.190208ms)
✔ P02 reopen retains seen identities, submitted attempts and support count (0.0335ms)
✔ P02 hints capped and no hint after successful submission (0.071791ms)
✔ P02 finalization requires four rubric checks and unchanged snapshot (0.111291ms)
✔ P03 pair 12 / physical / decomposition / no application (0.048875ms)
✔ P03 pair 12 / physical / corrosion / no application (0.022416ms)
✔ P03 pair 12 / physical / composition / no application (0.019167ms)
✔ P03 pair 12 / physical / neutralization / no application (0.017875ms)
✔ P03 pair 12 / physical / combustion / no application (0.018083ms)
✔ P03 pair 12 / chemical / decomposition / no application (0.103167ms)
✔ P03 pair 12 / chemical / corrosion / no application (0.04725ms)
✔ P03 pair 12 / chemical / composition / no application (0.031542ms)
✔ P03 pair 12 / chemical / neutralization / no application (0.030917ms)
✔ P03 pair 12 / chemical / combustion / no application (0.031625ms)
✔ P03 pair 12 / insufficient / decomposition / no application (0.030208ms)
✔ P03 pair 12 / insufficient / corrosion / no application (0.033834ms)
✔ P03 pair 12 / insufficient / composition / no application (0.027541ms)
✔ P03 pair 12 / insufficient / neutralization / no application (0.026167ms)
✔ P03 pair 12 / insufficient / combustion / no application (0.018917ms)
✔ P03 pair 13 / physical / decomposition / no application (0.018583ms)
✔ P03 pair 13 / physical / corrosion / no application (0.017833ms)
✔ P03 pair 13 / physical / composition / no application (0.016875ms)
✔ P03 pair 13 / physical / neutralization / no application (0.017ms)
✔ P03 pair 13 / physical / combustion / no application (0.020708ms)
✔ P03 pair 13 / chemical / decomposition / no application (0.019083ms)
✔ P03 pair 13 / chemical / corrosion / no application (0.0185ms)
✔ P03 pair 13 / chemical / composition / no application (0.021583ms)
✔ P03 pair 13 / chemical / neutralization / no application (0.020917ms)
✔ P03 pair 13 / chemical / combustion / no application (0.021042ms)
✔ P03 pair 13 / insufficient / decomposition / no application (0.033ms)
✔ P03 pair 13 / insufficient / corrosion / no application (0.018ms)
✔ P03 pair 13 / insufficient / composition / no application (0.019416ms)
✔ P03 pair 13 / insufficient / neutralization / no application (0.021083ms)
✔ P03 pair 13 / insufficient / combustion / no application (0.018917ms)
✔ P03 pair 14 / physical / decomposition / no application (0.021666ms)
✔ P03 pair 14 / physical / corrosion / no application (0.018125ms)
✔ P03 pair 14 / physical / composition / no application (0.018792ms)
✔ P03 pair 14 / physical / neutralization / no application (0.02475ms)
✔ P03 pair 14 / physical / combustion / no application (0.020292ms)
✔ P03 pair 14 / chemical / decomposition / no application (0.021875ms)
✔ P03 pair 14 / chemical / corrosion / no application (0.094625ms)
✔ P03 pair 14 / chemical / composition / no application (0.063917ms)
✔ P03 pair 14 / chemical / neutralization / no application (0.058042ms)
✔ P03 pair 14 / chemical / combustion / no application (0.027916ms)
✔ P03 pair 14 / insufficient / decomposition / no application (0.027917ms)
✔ P03 pair 14 / insufficient / corrosion / no application (0.024458ms)
✔ P03 pair 14 / insufficient / composition / no application (0.02875ms)
✔ P03 pair 14 / insufficient / neutralization / no application (0.021834ms)
✔ P03 pair 14 / insufficient / combustion / no application (0.021125ms)
✔ P03 pair 23 / physical / decomposition / no application (0.019625ms)
✔ P03 pair 23 / physical / corrosion / no application (0.024208ms)
✔ P03 pair 23 / physical / composition / no application (0.046334ms)
✔ P03 pair 23 / physical / neutralization / no application (0.023042ms)
✔ P03 pair 23 / physical / combustion / no application (0.022042ms)
✔ P03 pair 23 / chemical / decomposition / no application (0.061291ms)
✔ P03 pair 23 / chemical / corrosion / no application (0.056959ms)
✔ P03 pair 23 / chemical / composition / no application (0.023584ms)
✔ P03 pair 23 / chemical / neutralization / no application (0.024292ms)
✔ P03 pair 23 / chemical / combustion / no application (0.071917ms)
✔ P03 pair 23 / insufficient / decomposition / no application (0.022375ms)
✔ P03 pair 23 / insufficient / corrosion / no application (0.02075ms)
✔ P03 pair 23 / insufficient / composition / no application (0.034875ms)
✔ P03 pair 23 / insufficient / neutralization / no application (0.02225ms)
✔ P03 pair 23 / insufficient / combustion / no application (0.020125ms)
✔ P03 pair 24 / physical / decomposition / no application (0.036708ms)
✔ P03 pair 24 / physical / corrosion / no application (0.028375ms)
✔ P03 pair 24 / physical / composition / no application (0.035125ms)
✔ P03 pair 24 / physical / neutralization / no application (0.024333ms)
✔ P03 pair 24 / physical / combustion / no application (0.021042ms)
✔ P03 pair 24 / chemical / decomposition / no application (0.02225ms)
✔ P03 pair 24 / chemical / corrosion / no application (0.02625ms)
✔ P03 pair 24 / chemical / composition / no application (0.023542ms)
✔ P03 pair 24 / chemical / neutralization / no application (0.047959ms)
✔ P03 pair 24 / chemical / combustion / no application (0.062167ms)
✔ P03 pair 24 / insufficient / decomposition / no application (0.030791ms)
✔ P03 pair 24 / insufficient / corrosion / no application (0.021959ms)
✔ P03 pair 24 / insufficient / composition / no application (0.025ms)
✔ P03 pair 24 / insufficient / neutralization / no application (0.021ms)
✔ P03 pair 24 / insufficient / combustion / no application (0.0205ms)
✔ P03 pair 34 / physical / decomposition / no application (0.021083ms)
✔ P03 pair 34 / physical / corrosion / no application (0.0345ms)
✔ P03 pair 34 / physical / composition / no application (0.023042ms)
✔ P03 pair 34 / physical / neutralization / no application (0.022625ms)
✔ P03 pair 34 / physical / combustion / no application (0.021875ms)
✔ P03 pair 34 / chemical / decomposition / no application (0.025458ms)
✔ P03 pair 34 / chemical / corrosion / no application (0.036625ms)
✔ P03 pair 34 / chemical / composition / no application (0.023875ms)
✔ P03 pair 34 / chemical / neutralization / no application (0.025791ms)
✔ P03 pair 34 / chemical / combustion / no application (0.021792ms)
✔ P03 pair 34 / insufficient / decomposition / no application (0.020917ms)
✔ P03 pair 34 / insufficient / corrosion / no application (0.021375ms)
✔ P03 pair 34 / insufficient / composition / no application (0.020042ms)
✔ P03 pair 34 / insufficient / neutralization / no application (0.075417ms)
✔ P03 pair 34 / insufficient / combustion / no application (0.026ms)
✔ P03 incomplete input not counted or hint unlocked (0.026417ms)
✔ P03 two openings, no duplicate/unknown/free reveal (0.019875ms)
✔ P03 no advance on old success; explicit revision; attempt history retained (0.077083ms)
✔ P03 reopen retains seen identities, submitted attempts and support count (0.034333ms)
✔ P03 hints capped and no hint after successful submission (0.034375ms)
✔ P03 finalization requires four rubric checks and unchanged snapshot (0.071583ms)
✔ P04 pair 12 / physical / decomposition / water (0.020834ms)
✔ P04 pair 12 / physical / decomposition / carbon_dioxide (0.019291ms)
✔ P04 pair 12 / physical / decomposition / methane (0.020208ms)
✔ P04 pair 12 / physical / decomposition / oxygen (0.032416ms)
✔ P04 pair 12 / physical / corrosion / water (0.020333ms)
✔ P04 pair 12 / physical / corrosion / carbon_dioxide (0.019459ms)
✔ P04 pair 12 / physical / corrosion / methane (0.018083ms)
✔ P04 pair 12 / physical / corrosion / oxygen (0.019667ms)
✔ P04 pair 12 / physical / composition / water (0.035ms)
✔ P04 pair 12 / physical / composition / carbon_dioxide (0.0235ms)
✔ P04 pair 12 / physical / composition / methane (0.028541ms)
✔ P04 pair 12 / physical / composition / oxygen (0.026458ms)
✔ P04 pair 12 / physical / neutralization / water (0.022084ms)
✔ P04 pair 12 / physical / neutralization / carbon_dioxide (0.098833ms)
✔ P04 pair 12 / physical / neutralization / methane (0.022417ms)
✔ P04 pair 12 / physical / neutralization / oxygen (0.020542ms)
✔ P04 pair 12 / physical / combustion / water (0.071708ms)
✔ P04 pair 12 / physical / combustion / carbon_dioxide (0.024667ms)
✔ P04 pair 12 / physical / combustion / methane (0.020083ms)
✔ P04 pair 12 / physical / combustion / oxygen (0.023666ms)
✔ P04 pair 12 / chemical / decomposition / water (0.021417ms)
✔ P04 pair 12 / chemical / decomposition / carbon_dioxide (0.021584ms)
✔ P04 pair 12 / chemical / decomposition / methane (0.020041ms)
✔ P04 pair 12 / chemical / decomposition / oxygen (0.0535ms)
✔ P04 pair 12 / chemical / corrosion / water (0.022375ms)
✔ P04 pair 12 / chemical / corrosion / carbon_dioxide (0.021833ms)
✔ P04 pair 12 / chemical / corrosion / methane (0.0535ms)
✔ P04 pair 12 / chemical / corrosion / oxygen (0.032834ms)
✔ P04 pair 12 / chemical / composition / water (0.039416ms)
✔ P04 pair 12 / chemical / composition / carbon_dioxide (0.025709ms)
✔ P04 pair 12 / chemical / composition / methane (0.103917ms)
✔ P04 pair 12 / chemical / composition / oxygen (0.023833ms)
✔ P04 pair 12 / chemical / neutralization / water (0.072125ms)
✔ P04 pair 12 / chemical / neutralization / carbon_dioxide (0.0195ms)
✔ P04 pair 12 / chemical / neutralization / methane (0.163375ms)
✔ P04 pair 12 / chemical / neutralization / oxygen (0.047625ms)
✔ P04 pair 12 / chemical / combustion / water (0.126667ms)
✔ P04 pair 12 / chemical / combustion / carbon_dioxide (0.032459ms)
✔ P04 pair 12 / chemical / combustion / methane (0.026375ms)
✔ P04 pair 12 / chemical / combustion / oxygen (0.026959ms)
✔ P04 pair 12 / insufficient / decomposition / water (0.029041ms)
✔ P04 pair 12 / insufficient / decomposition / carbon_dioxide (0.029667ms)
✔ P04 pair 12 / insufficient / decomposition / methane (0.380417ms)
✔ P04 pair 12 / insufficient / decomposition / oxygen (0.02875ms)
✔ P04 pair 12 / insufficient / corrosion / water (0.022917ms)
✔ P04 pair 12 / insufficient / corrosion / carbon_dioxide (0.028625ms)
✔ P04 pair 12 / insufficient / corrosion / methane (0.02075ms)
✔ P04 pair 12 / insufficient / corrosion / oxygen (0.020625ms)
✔ P04 pair 12 / insufficient / composition / water (0.01825ms)
✔ P04 pair 12 / insufficient / composition / carbon_dioxide (0.167625ms)
✔ P04 pair 12 / insufficient / composition / methane (0.02675ms)
✔ P04 pair 12 / insufficient / composition / oxygen (0.093333ms)
✔ P04 pair 12 / insufficient / neutralization / water (0.027834ms)
✔ P04 pair 12 / insufficient / neutralization / carbon_dioxide (0.073375ms)
✔ P04 pair 12 / insufficient / neutralization / methane (0.12075ms)
✔ P04 pair 12 / insufficient / neutralization / oxygen (0.036625ms)
✔ P04 pair 12 / insufficient / combustion / water (0.031917ms)
✔ P04 pair 12 / insufficient / combustion / carbon_dioxide (0.033708ms)
✔ P04 pair 12 / insufficient / combustion / methane (0.029208ms)
✔ P04 pair 12 / insufficient / combustion / oxygen (0.032792ms)
✔ P04 pair 13 / physical / decomposition / water (0.140541ms)
✔ P04 pair 13 / physical / decomposition / carbon_dioxide (0.087041ms)
✔ P04 pair 13 / physical / decomposition / methane (0.03ms)
✔ P04 pair 13 / physical / decomposition / oxygen (0.031709ms)
✔ P04 pair 13 / physical / corrosion / water (0.030833ms)
✔ P04 pair 13 / physical / corrosion / carbon_dioxide (0.030459ms)
✔ P04 pair 13 / physical / corrosion / methane (0.027583ms)
✔ P04 pair 13 / physical / corrosion / oxygen (0.033458ms)
✔ P04 pair 13 / physical / composition / water (0.027791ms)
✔ P04 pair 13 / physical / composition / carbon_dioxide (0.027875ms)
✔ P04 pair 13 / physical / composition / methane (0.026333ms)
✔ P04 pair 13 / physical / composition / oxygen (0.0545ms)
✔ P04 pair 13 / physical / neutralization / water (0.040583ms)
✔ P04 pair 13 / physical / neutralization / carbon_dioxide (0.039458ms)
✔ P04 pair 13 / physical / neutralization / methane (0.031083ms)
✔ P04 pair 13 / physical / neutralization / oxygen (0.031083ms)
✔ P04 pair 13 / physical / combustion / water (0.029458ms)
✔ P04 pair 13 / physical / combustion / carbon_dioxide (0.045416ms)
✔ P04 pair 13 / physical / combustion / methane (0.114584ms)
✔ P04 pair 13 / physical / combustion / oxygen (0.1555ms)
✔ P04 pair 13 / chemical / decomposition / water (0.074875ms)
✔ P04 pair 13 / chemical / decomposition / carbon_dioxide (0.035ms)
✔ P04 pair 13 / chemical / decomposition / methane (0.076791ms)
✔ P04 pair 13 / chemical / decomposition / oxygen (0.098167ms)
✔ P04 pair 13 / chemical / corrosion / water (0.18975ms)
✔ P04 pair 13 / chemical / corrosion / carbon_dioxide (0.107584ms)
✔ P04 pair 13 / chemical / corrosion / methane (0.138459ms)
✔ P04 pair 13 / chemical / corrosion / oxygen (0.042458ms)
✔ P04 pair 13 / chemical / composition / water (0.03225ms)
✔ P04 pair 13 / chemical / composition / carbon_dioxide (0.031666ms)
✔ P04 pair 13 / chemical / composition / methane (0.046208ms)
✔ P04 pair 13 / chemical / composition / oxygen (0.031084ms)
✔ P04 pair 13 / chemical / neutralization / water (0.073042ms)
✔ P04 pair 13 / chemical / neutralization / carbon_dioxide (0.052625ms)
✔ P04 pair 13 / chemical / neutralization / methane (0.035458ms)
✔ P04 pair 13 / chemical / neutralization / oxygen (0.078084ms)
✔ P04 pair 13 / chemical / combustion / water (0.031416ms)
✔ P04 pair 13 / chemical / combustion / carbon_dioxide (0.1505ms)
✔ P04 pair 13 / chemical / combustion / methane (0.029917ms)
✔ P04 pair 13 / chemical / combustion / oxygen (0.073959ms)
✔ P04 pair 13 / insufficient / decomposition / water (0.033ms)
✔ P04 pair 13 / insufficient / decomposition / carbon_dioxide (0.030625ms)
✔ P04 pair 13 / insufficient / decomposition / methane (0.029375ms)
✔ P04 pair 13 / insufficient / decomposition / oxygen (0.081834ms)
✔ P04 pair 13 / insufficient / corrosion / water (0.040292ms)
✔ P04 pair 13 / insufficient / corrosion / carbon_dioxide (0.029125ms)
✔ P04 pair 13 / insufficient / corrosion / methane (0.039ms)
✔ P04 pair 13 / insufficient / corrosion / oxygen (0.066458ms)
✔ P04 pair 13 / insufficient / composition / water (0.031667ms)
✔ P04 pair 13 / insufficient / composition / carbon_dioxide (0.030042ms)
✔ P04 pair 13 / insufficient / composition / methane (0.061375ms)
✔ P04 pair 13 / insufficient / composition / oxygen (0.036834ms)
✔ P04 pair 13 / insufficient / neutralization / water (0.028875ms)
✔ P04 pair 13 / insufficient / neutralization / carbon_dioxide (0.078917ms)
✔ P04 pair 13 / insufficient / neutralization / methane (0.156625ms)
✔ P04 pair 13 / insufficient / neutralization / oxygen (0.184667ms)
✔ P04 pair 13 / insufficient / combustion / water (0.096459ms)
✔ P04 pair 13 / insufficient / combustion / carbon_dioxide (0.050333ms)
✔ P04 pair 13 / insufficient / combustion / methane (0.035959ms)
✔ P04 pair 13 / insufficient / combustion / oxygen (0.066917ms)
✔ P04 pair 14 / physical / decomposition / water (0.032459ms)
✔ P04 pair 14 / physical / decomposition / carbon_dioxide (0.143084ms)
✔ P04 pair 14 / physical / decomposition / methane (0.063292ms)
✔ P04 pair 14 / physical / decomposition / oxygen (5.614875ms)
✔ P04 pair 14 / physical / corrosion / water (0.090292ms)
✔ P04 pair 14 / physical / corrosion / carbon_dioxide (0.031042ms)
✔ P04 pair 14 / physical / corrosion / methane (0.031708ms)
✔ P04 pair 14 / physical / corrosion / oxygen (0.029708ms)
✔ P04 pair 14 / physical / composition / water (0.02825ms)
✔ P04 pair 14 / physical / composition / carbon_dioxide (0.024917ms)
✔ P04 pair 14 / physical / composition / methane (0.026042ms)
✔ P04 pair 14 / physical / composition / oxygen (0.026584ms)
✔ P04 pair 14 / physical / neutralization / water (0.025833ms)
✔ P04 pair 14 / physical / neutralization / carbon_dioxide (0.02625ms)
✔ P04 pair 14 / physical / neutralization / methane (0.028ms)
✔ P04 pair 14 / physical / neutralization / oxygen (0.058292ms)
✔ P04 pair 14 / physical / combustion / water (0.057084ms)
✔ P04 pair 14 / physical / combustion / carbon_dioxide (0.127667ms)
✔ P04 pair 14 / physical / combustion / methane (0.09075ms)
✔ P04 pair 14 / physical / combustion / oxygen (0.052459ms)
✔ P04 pair 14 / chemical / decomposition / water (0.032167ms)
✔ P04 pair 14 / chemical / decomposition / carbon_dioxide (0.026667ms)
✔ P04 pair 14 / chemical / decomposition / methane (0.027209ms)
✔ P04 pair 14 / chemical / decomposition / oxygen (0.098042ms)
✔ P04 pair 14 / chemical / corrosion / water (0.041458ms)
✔ P04 pair 14 / chemical / corrosion / carbon_dioxide (0.033417ms)
✔ P04 pair 14 / chemical / corrosion / methane (0.028791ms)
✔ P04 pair 14 / chemical / corrosion / oxygen (0.056125ms)
✔ P04 pair 14 / chemical / composition / water (0.0395ms)
✔ P04 pair 14 / chemical / composition / carbon_dioxide (0.029583ms)
✔ P04 pair 14 / chemical / composition / methane (0.028625ms)
✔ P04 pair 14 / chemical / composition / oxygen (0.443833ms)
✔ P04 pair 14 / chemical / neutralization / water (0.059583ms)
✔ P04 pair 14 / chemical / neutralization / carbon_dioxide (0.156167ms)
✔ P04 pair 14 / chemical / neutralization / methane (0.040667ms)
✔ P04 pair 14 / chemical / neutralization / oxygen (0.0285ms)
✔ P04 pair 14 / chemical / combustion / water (0.028375ms)
✔ P04 pair 14 / chemical / combustion / carbon_dioxide (0.061458ms)
✔ P04 pair 14 / chemical / combustion / methane (0.049084ms)
✔ P04 pair 14 / chemical / combustion / oxygen (0.024958ms)
✔ P04 pair 14 / insufficient / decomposition / water (0.021167ms)
✔ P04 pair 14 / insufficient / decomposition / carbon_dioxide (0.018916ms)
✔ P04 pair 14 / insufficient / decomposition / methane (0.018917ms)
✔ P04 pair 14 / insufficient / decomposition / oxygen (0.018584ms)
✔ P04 pair 14 / insufficient / corrosion / water (0.071ms)
✔ P04 pair 14 / insufficient / corrosion / carbon_dioxide (0.029ms)
✔ P04 pair 14 / insufficient / corrosion / methane (0.0275ms)
✔ P04 pair 14 / insufficient / corrosion / oxygen (0.061625ms)
✔ P04 pair 14 / insufficient / composition / water (0.509ms)
✔ P04 pair 14 / insufficient / composition / carbon_dioxide (0.055708ms)
✔ P04 pair 14 / insufficient / composition / methane (0.037667ms)
✔ P04 pair 14 / insufficient / composition / oxygen (0.08075ms)
✔ P04 pair 14 / insufficient / neutralization / water (0.030917ms)
✔ P04 pair 14 / insufficient / neutralization / carbon_dioxide (0.13775ms)
✔ P04 pair 14 / insufficient / neutralization / methane (0.08775ms)
✔ P04 pair 14 / insufficient / neutralization / oxygen (0.021083ms)
✔ P04 pair 14 / insufficient / combustion / water (0.021459ms)
✔ P04 pair 14 / insufficient / combustion / carbon_dioxide (0.0695ms)
✔ P04 pair 14 / insufficient / combustion / methane (0.0275ms)
✔ P04 pair 14 / insufficient / combustion / oxygen (0.017875ms)
✔ P04 pair 23 / physical / decomposition / water (0.021917ms)
✔ P04 pair 23 / physical / decomposition / carbon_dioxide (0.016667ms)
✔ P04 pair 23 / physical / decomposition / methane (0.022709ms)
✔ P04 pair 23 / physical / decomposition / oxygen (0.015125ms)
✔ P04 pair 23 / physical / corrosion / water (0.015583ms)
✔ P04 pair 23 / physical / corrosion / carbon_dioxide (0.014708ms)
✔ P04 pair 23 / physical / corrosion / methane (0.015583ms)
✔ P04 pair 23 / physical / corrosion / oxygen (0.01475ms)
✔ P04 pair 23 / physical / composition / water (0.01475ms)
✔ P04 pair 23 / physical / composition / carbon_dioxide (0.014833ms)
✔ P04 pair 23 / physical / composition / methane (0.016458ms)
✔ P04 pair 23 / physical / composition / oxygen (0.014917ms)
✔ P04 pair 23 / physical / neutralization / water (0.014709ms)
✔ P04 pair 23 / physical / neutralization / carbon_dioxide (0.018083ms)
✔ P04 pair 23 / physical / neutralization / methane (0.023709ms)
✔ P04 pair 23 / physical / neutralization / oxygen (0.014583ms)
✔ P04 pair 23 / physical / combustion / water (0.014791ms)
✔ P04 pair 23 / physical / combustion / carbon_dioxide (0.014ms)
✔ P04 pair 23 / physical / combustion / methane (0.014417ms)
✔ P04 pair 23 / physical / combustion / oxygen (0.014875ms)
✔ P04 pair 23 / chemical / decomposition / water (0.019084ms)
✔ P04 pair 23 / chemical / decomposition / carbon_dioxide (0.016083ms)
✔ P04 pair 23 / chemical / decomposition / methane (0.01425ms)
✔ P04 pair 23 / chemical / decomposition / oxygen (0.014459ms)
✔ P04 pair 23 / chemical / corrosion / water (0.015ms)
✔ P04 pair 23 / chemical / corrosion / carbon_dioxide (0.0145ms)
✔ P04 pair 23 / chemical / corrosion / methane (0.014958ms)
✔ P04 pair 23 / chemical / corrosion / oxygen (0.01425ms)
✔ P04 pair 23 / chemical / composition / water (0.014875ms)
✔ P04 pair 23 / chemical / composition / carbon_dioxide (0.016ms)
✔ P04 pair 23 / chemical / composition / methane (0.014958ms)
✔ P04 pair 23 / chemical / composition / oxygen (0.014209ms)
✔ P04 pair 23 / chemical / neutralization / water (0.016166ms)
✔ P04 pair 23 / chemical / neutralization / carbon_dioxide (0.014792ms)
✔ P04 pair 23 / chemical / neutralization / methane (0.014333ms)
✔ P04 pair 23 / chemical / neutralization / oxygen (0.035ms)
✔ P04 pair 23 / chemical / combustion / water (0.029334ms)
✔ P04 pair 23 / chemical / combustion / carbon_dioxide (0.01925ms)
✔ P04 pair 23 / chemical / combustion / methane (0.017125ms)
✔ P04 pair 23 / chemical / combustion / oxygen (0.01375ms)
✔ P04 pair 23 / insufficient / decomposition / water (0.014375ms)
✔ P04 pair 23 / insufficient / decomposition / carbon_dioxide (0.015167ms)
✔ P04 pair 23 / insufficient / decomposition / methane (0.014708ms)
✔ P04 pair 23 / insufficient / decomposition / oxygen (0.014958ms)
✔ P04 pair 23 / insufficient / corrosion / water (0.016459ms)
✔ P04 pair 23 / insufficient / corrosion / carbon_dioxide (0.014667ms)
✔ P04 pair 23 / insufficient / corrosion / methane (0.015667ms)
✔ P04 pair 23 / insufficient / corrosion / oxygen (0.014959ms)
✔ P04 pair 23 / insufficient / composition / water (0.014584ms)
✔ P04 pair 23 / insufficient / composition / carbon_dioxide (0.015833ms)
✔ P04 pair 23 / insufficient / composition / methane (0.01525ms)
✔ P04 pair 23 / insufficient / composition / oxygen (0.015208ms)
✔ P04 pair 23 / insufficient / neutralization / water (0.014042ms)
✔ P04 pair 23 / insufficient / neutralization / carbon_dioxide (0.01575ms)
✔ P04 pair 23 / insufficient / neutralization / methane (0.01375ms)
✔ P04 pair 23 / insufficient / neutralization / oxygen (0.013458ms)
✔ P04 pair 23 / insufficient / combustion / water (0.013375ms)
✔ P04 pair 23 / insufficient / combustion / carbon_dioxide (0.015375ms)
✔ P04 pair 23 / insufficient / combustion / methane (0.013ms)
✔ P04 pair 23 / insufficient / combustion / oxygen (0.013125ms)
✔ P04 pair 24 / physical / decomposition / water (0.012708ms)
✔ P04 pair 24 / physical / decomposition / carbon_dioxide (0.012625ms)
✔ P04 pair 24 / physical / decomposition / methane (0.013792ms)
✔ P04 pair 24 / physical / decomposition / oxygen (0.020541ms)
✔ P04 pair 24 / physical / corrosion / water (0.014417ms)
✔ P04 pair 24 / physical / corrosion / carbon_dioxide (0.013417ms)
✔ P04 pair 24 / physical / corrosion / methane (0.013375ms)
✔ P04 pair 24 / physical / corrosion / oxygen (0.013708ms)
✔ P04 pair 24 / physical / composition / water (0.013125ms)
✔ P04 pair 24 / physical / composition / carbon_dioxide (0.013291ms)
✔ P04 pair 24 / physical / composition / methane (0.013125ms)
✔ P04 pair 24 / physical / composition / oxygen (0.012583ms)
✔ P04 pair 24 / physical / neutralization / water (0.012917ms)
✔ P04 pair 24 / physical / neutralization / carbon_dioxide (0.013792ms)
✔ P04 pair 24 / physical / neutralization / methane (0.015ms)
✔ P04 pair 24 / physical / neutralization / oxygen (0.013458ms)
✔ P04 pair 24 / physical / combustion / water (0.014917ms)
✔ P04 pair 24 / physical / combustion / carbon_dioxide (0.013709ms)
✔ P04 pair 24 / physical / combustion / methane (0.013375ms)
✔ P04 pair 24 / physical / combustion / oxygen (0.012959ms)
✔ P04 pair 24 / chemical / decomposition / water (0.015ms)
✔ P04 pair 24 / chemical / decomposition / carbon_dioxide (0.014458ms)
✔ P04 pair 24 / chemical / decomposition / methane (0.014583ms)
✔ P04 pair 24 / chemical / decomposition / oxygen (0.014333ms)
✔ P04 pair 24 / chemical / corrosion / water (0.013458ms)
✔ P04 pair 24 / chemical / corrosion / carbon_dioxide (0.070334ms)
✔ P04 pair 24 / chemical / corrosion / methane (0.024625ms)
✔ P04 pair 24 / chemical / corrosion / oxygen (0.016792ms)
✔ P04 pair 24 / chemical / composition / water (0.017083ms)
✔ P04 pair 24 / chemical / composition / carbon_dioxide (0.019417ms)
✔ P04 pair 24 / chemical / composition / methane (0.079709ms)
✔ P04 pair 24 / chemical / composition / oxygen (0.020042ms)
✔ P04 pair 24 / chemical / neutralization / water (0.026625ms)
✔ P04 pair 24 / chemical / neutralization / carbon_dioxide (0.036833ms)
✔ P04 pair 24 / chemical / neutralization / methane (0.018791ms)
✔ P04 pair 24 / chemical / neutralization / oxygen (0.01675ms)
✔ P04 pair 24 / chemical / combustion / water (0.036041ms)
✔ P04 pair 24 / chemical / combustion / carbon_dioxide (0.026417ms)
✔ P04 pair 24 / chemical / combustion / methane (0.020209ms)
✔ P04 pair 24 / chemical / combustion / oxygen (0.0185ms)
✔ P04 pair 24 / insufficient / decomposition / water (0.096875ms)
✔ P04 pair 24 / insufficient / decomposition / carbon_dioxide (0.01825ms)
✔ P04 pair 24 / insufficient / decomposition / methane (0.046125ms)
✔ P04 pair 24 / insufficient / decomposition / oxygen (0.061959ms)
✔ P04 pair 24 / insufficient / corrosion / water (0.024916ms)
✔ P04 pair 24 / insufficient / corrosion / carbon_dioxide (0.037083ms)
✔ P04 pair 24 / insufficient / corrosion / methane (0.042833ms)
✔ P04 pair 24 / insufficient / corrosion / oxygen (0.017042ms)
✔ P04 pair 24 / insufficient / composition / water (0.031459ms)
✔ P04 pair 24 / insufficient / composition / carbon_dioxide (0.078667ms)
✔ P04 pair 24 / insufficient / composition / methane (0.038583ms)
✔ P04 pair 24 / insufficient / composition / oxygen (0.056209ms)
✔ P04 pair 24 / insufficient / neutralization / water (0.038417ms)
✔ P04 pair 24 / insufficient / neutralization / carbon_dioxide (0.07575ms)
✔ P04 pair 24 / insufficient / neutralization / methane (0.040417ms)
✔ P04 pair 24 / insufficient / neutralization / oxygen (0.016834ms)
✔ P04 pair 24 / insufficient / combustion / water (0.016959ms)
✔ P04 pair 24 / insufficient / combustion / carbon_dioxide (0.017667ms)
✔ P04 pair 24 / insufficient / combustion / methane (0.016875ms)
✔ P04 pair 24 / insufficient / combustion / oxygen (0.016708ms)
✔ P04 pair 34 / physical / decomposition / water (0.015958ms)
✔ P04 pair 34 / physical / decomposition / carbon_dioxide (0.017917ms)
✔ P04 pair 34 / physical / decomposition / methane (0.017458ms)
✔ P04 pair 34 / physical / decomposition / oxygen (0.046959ms)
✔ P04 pair 34 / physical / corrosion / water (0.022375ms)
✔ P04 pair 34 / physical / corrosion / carbon_dioxide (0.0195ms)
✔ P04 pair 34 / physical / corrosion / methane (0.01725ms)
✔ P04 pair 34 / physical / corrosion / oxygen (0.050875ms)
✔ P04 pair 34 / physical / composition / water (0.035792ms)
✔ P04 pair 34 / physical / composition / carbon_dioxide (0.035ms)
✔ P04 pair 34 / physical / composition / methane (0.065083ms)
✔ P04 pair 34 / physical / composition / oxygen (0.028625ms)
✔ P04 pair 34 / physical / neutralization / water (0.063709ms)
✔ P04 pair 34 / physical / neutralization / carbon_dioxide (0.0545ms)
✔ P04 pair 34 / physical / neutralization / methane (0.034292ms)
✔ P04 pair 34 / physical / neutralization / oxygen (0.051625ms)
✔ P04 pair 34 / physical / combustion / water (0.040292ms)
✔ P04 pair 34 / physical / combustion / carbon_dioxide (0.041292ms)
✔ P04 pair 34 / physical / combustion / methane (0.051834ms)
✔ P04 pair 34 / physical / combustion / oxygen (0.020208ms)
✔ P04 pair 34 / chemical / decomposition / water (0.01825ms)
✔ P04 pair 34 / chemical / decomposition / carbon_dioxide (0.017166ms)
✔ P04 pair 34 / chemical / decomposition / methane (0.016875ms)
✔ P04 pair 34 / chemical / decomposition / oxygen (0.127666ms)
✔ P04 pair 34 / chemical / corrosion / water (0.052292ms)
✔ P04 pair 34 / chemical / corrosion / carbon_dioxide (0.026084ms)
✔ P04 pair 34 / chemical / corrosion / methane (0.046792ms)
✔ P04 pair 34 / chemical / corrosion / oxygen (0.021334ms)
✔ P04 pair 34 / chemical / composition / water (0.022ms)
✔ P04 pair 34 / chemical / composition / carbon_dioxide (0.018125ms)
✔ P04 pair 34 / chemical / composition / methane (0.018792ms)
✔ P04 pair 34 / chemical / composition / oxygen (0.019209ms)
✔ P04 pair 34 / chemical / neutralization / water (0.017041ms)
✔ P04 pair 34 / chemical / neutralization / carbon_dioxide (0.018333ms)
✔ P04 pair 34 / chemical / neutralization / methane (0.017375ms)
✔ P04 pair 34 / chemical / neutralization / oxygen (0.033916ms)
✔ P04 pair 34 / chemical / combustion / water (0.033333ms)
✔ P04 pair 34 / chemical / combustion / carbon_dioxide (0.028583ms)
✔ P04 pair 34 / chemical / combustion / methane (0.020125ms)
✔ P04 pair 34 / chemical / combustion / oxygen (0.017166ms)
✔ P04 pair 34 / insufficient / decomposition / water (0.016958ms)
✔ P04 pair 34 / insufficient / decomposition / carbon_dioxide (0.015875ms)
✔ P04 pair 34 / insufficient / decomposition / methane (0.016833ms)
✔ P04 pair 34 / insufficient / decomposition / oxygen (0.01675ms)
✔ P04 pair 34 / insufficient / corrosion / water (0.018333ms)
✔ P04 pair 34 / insufficient / corrosion / carbon_dioxide (0.064125ms)
✔ P04 pair 34 / insufficient / corrosion / methane (0.020375ms)
✔ P04 pair 34 / insufficient / corrosion / oxygen (0.018083ms)
✔ P04 pair 34 / insufficient / composition / water (0.01975ms)
✔ P04 pair 34 / insufficient / composition / carbon_dioxide (0.0445ms)
✔ P04 pair 34 / insufficient / composition / methane (0.037ms)
✔ P04 pair 34 / insufficient / composition / oxygen (0.017625ms)
✔ P04 pair 34 / insufficient / neutralization / water (0.03275ms)
✔ P04 pair 34 / insufficient / neutralization / carbon_dioxide (0.018166ms)
✔ P04 pair 34 / insufficient / neutralization / methane (0.016583ms)
✔ P04 pair 34 / insufficient / neutralization / oxygen (0.017875ms)
✔ P04 pair 34 / insufficient / combustion / water (0.11275ms)
✔ P04 pair 34 / insufficient / combustion / carbon_dioxide (1.194583ms)
✔ P04 pair 34 / insufficient / combustion / methane (0.039625ms)
✔ P04 pair 34 / insufficient / combustion / oxygen (0.032333ms)
✔ P04 incomplete input not counted or hint unlocked (0.050916ms)
✔ P04 two openings, no duplicate/unknown/free reveal (0.029459ms)
✔ P04 no advance on old success; explicit revision; attempt history retained (0.097458ms)
✔ P04 reopen retains seen identities, submitted attempts and support count (0.038542ms)
✔ P04 hints capped and no hint after successful submission (0.043542ms)
✔ P04 finalization requires four rubric checks and unchanged snapshot (0.079167ms)
✔ P01 justified uncertainty is a learning checkpoint, not an automatic pass (0.185791ms)
✔ P01 cannot forget decisive evidence after restarting (0.063375ms)
✔ Hidden or unknown evidence IDs rejected by validator (0.04175ms)
✔ Transfer first failed attempt persists after correction and replay (0.171958ms)
✔ Transfer explanation presence is not falsely labelled reasoning correctness (0.27325ms)
✔ Minimum explanation gate only checks presence, not scientific keywords (0.049458ms)
✔ New case fields are blank, without leaking a previous conclusion or tokens (1.077042ms)
✔ rubric gate requires exactly four literal true values (0.20825ms)
ℹ tests 842
ℹ suites 0
ℹ pass 842
ℹ fail 0
ℹ cancelled 0
ℹ skipped 0
ℹ todo 0
ℹ duration_ms 288.747584
