TAP version 13
# Subtest: bounded codec round trips exact Unicode writing and historical snapshots
ok 1 - bounded codec round trips exact Unicode writing and historical snapshots
  ---
  duration_ms: 14.427447
  type: 'test'
  ...
# Subtest: codec rejects corruption and oversized decoded or encoded work rather than trimming
ok 2 - codec rejects corruption and oversized decoded or encoded work rather than trimming
  ---
  duration_ms: 1.807531
  type: 'test'
  ...
# Subtest: codec selects the shorter serialized JSON field for Unicode and escaping
ok 3 - codec selects the shorter serialized JSON field for Unicode and escaping
  ---
  duration_ms: 49.747371
  type: 'test'
  ...
# Subtest: managed publication receipt names the exact committed state/completion tuple
ok 4 - managed publication receipt names the exact committed state/completion tuple
  ---
  duration_ms: 16.674099
  type: 'test'
  ...
# Subtest: failed commit issues no successful receipt; boolean save API remains compatible
ok 5 - failed commit issues no successful receipt; boolean save API remains compatible
  ---
  duration_ms: 1.725648
  type: 'test'
  ...
1..5
# tests 5
# suites 0
# pass 5
# fail 0
# cancelled 0
# skipped 0
# todo 0
# duration_ms 140.178897

[scorm-bridge] Failed to commit SCORM data.
