✖ synthetic whole-course shell and session in chromium (6271.050292ms)
✖ synthetic whole-course shell and session in firefox (3454.0195ms)
✖ synthetic whole-course shell and session in webkit (3396.053916ms)
ℹ tests 3
ℹ suites 0
ℹ pass 0
ℹ fail 3
ℹ cancelled 0
ℹ skipped 0
ℹ todo 0
ℹ duration_ms 13624.078042

✖ failing tests:

test at scripts/tests/biology30-pilot2-course-browser.test.ts:1:448
✖ synthetic whole-course shell and session in chromium (6271.050292ms)
  AssertionError [ERR_ASSERTION]: {"width":390,"scroll":497,"nodes":[{"tag":"SPAN","id":"","cls":"","left":368,"right":496.9375}]}
      at TestContext.<anonymous> (/Users/deanguedo/Documents/GitHub/canvas-helper/scripts/tests/biology30-pilot2-course-browser.test.ts:20:345)
      at async Test.run (node:internal/test_runner/test:1125:7)
      at async startSubtestAfterBootstrap (node:internal/test_runner/harness:358:3) {
    generatedMessage: false,
    code: 'ERR_ASSERTION',
    actual: false,
    expected: true,
    operator: '==',
    diff: 'simple'
  }

test at scripts/tests/biology30-pilot2-course-browser.test.ts:1:448
✖ synthetic whole-course shell and session in firefox (3454.0195ms)
  AssertionError [ERR_ASSERTION]: {"width":390,"scroll":497,"nodes":[{"tag":"SPAN","id":"","cls":"","left":368,"right":496.98333740234375}]}
      at TestContext.<anonymous> (/Users/deanguedo/Documents/GitHub/canvas-helper/scripts/tests/biology30-pilot2-course-browser.test.ts:20:345)
      at async Test.run (node:internal/test_runner/test:1125:7)
      at async Test.processPendingSubtests (node:internal/test_runner/test:787:7) {
    generatedMessage: false,
    code: 'ERR_ASSERTION',
    actual: false,
    expected: true,
    operator: '==',
    diff: 'simple'
  }

test at scripts/tests/biology30-pilot2-course-browser.test.ts:1:448
✖ synthetic whole-course shell and session in webkit (3396.053916ms)
  AssertionError [ERR_ASSERTION]: {"width":390,"scroll":493,"nodes":[{"tag":"SPAN","id":"","cls":"","left":364,"right":492.9375}]}
      at TestContext.<anonymous> (/Users/deanguedo/Documents/GitHub/canvas-helper/scripts/tests/biology30-pilot2-course-browser.test.ts:20:345)
      at async Test.run (node:internal/test_runner/test:1125:7)
      at async Test.processPendingSubtests (node:internal/test_runner/test:787:7) {
    generatedMessage: false,
    code: 'ERR_ASSERTION',
    actual: false,
    expected: true,
    operator: '==',
    diff: 'simple'
  }
