[ab30-parity] tested inputs: {"main.js":"a6e9b86f9279e05fe147f5bb3991153f82e7903d432c1fed1ff3a85ff9453f82","course-data.js":"6550aaf9bd9556682f702ebb3e8e5632bd5f985b608d84fd4272a2daa55a3cad"}
✔ MAP03: all 50 lesson IDs survive in array display order (T00 baseline guard) (0.551292ms)
✔ fixtures: reviewed Theme 1 map covers q1..q87 exactly once (0.118ms)
✔ fixtures: assignment aliases pair exactly one formal key with one lesson key (0.045667ms)
✔ MAP01-data: every Theme 1 lesson carries explicit bookletQuestionIds matching the reviewed map (0.146375ms)
✔ MAP01-homes: q1..q87 each resolve to exactly one primary lesson home (0.622959ms)
✔ MAP02: mutating kicker text with Assignment 1.2 wording and numbers changes no membership (0.430875ms)
✖ STATE02-F02: lesson-only draft restores in the formal assignment view (3.354708ms)
✖ STATE02-F03: formal-only draft restores in the lesson view (1.684542ms)
✔ STATE02-F04: identical dual drafts stay consistent in both views (baseline guard) (2.144ms)
✔ STATE02-keys: alias fixture keys match the real production key builders (0.407083ms)
✖ COMP01: four legacy Mark Complete flags with an empty answer store must not display 100% mastery (0.3215ms)
✔ COMP01-zero: empty flags with an empty store render 0% (baseline guard) (0.253791ms)
✖ COMP02: one Q37 cell is not complete; twelve cells are fields-complete, never auto-correct (0.596084ms)
✔ MAP04-DOM: real renders emit unique DOM ids and shared saved keys per record (1.023291ms)
✔ MAP05-ids: explicit row/column ids equal the legacy token derivation (zero-migration proof) (0.298542ms)
✔ MAP05-render: relabelled and reordered tables keep keys, show new labels (real renderer) (0.440792ms)
✔ MAP05-blanks: every fill-in blank carries an explicit stable id (0.056334ms)
✔ MAP06: coverage manifest accounts for every required item with an allowed disposition (1.222ms)
ℹ tests 18
ℹ suites 0
ℹ pass 14
ℹ fail 4
ℹ cancelled 0
ℹ skipped 0
ℹ todo 0
ℹ duration_ms 86.708792

✖ failing tests:

test at scripts/tests/aboriginal-studies-30-parity.test.ts:480:1
✖ STATE02-F02: lesson-only draft restores in the formal assignment view (3.354708ms)
  AssertionError [ERR_ASSERTION]: lesson-only drafts invisible formally: oral-tradition, rebuilding-self-government, 2-1-land-stewardship, 2-2-specific-land-claims, assignment-3-1-breaking-stereotypes, attawapiskat-report, 4-2-rabbit-proof-fence, 4-3-personal-response
  + actual - expected
  
  + [
  +   'oral-tradition',
  +   'rebuilding-self-government',
  +   '2-1-land-stewardship',
  +   '2-2-specific-land-claims',
  +   'assignment-3-1-breaking-stereotypes',
  +   'attawapiskat-report',
  +   '4-2-rabbit-proof-fence',
  +   '4-3-personal-response'
  + ]
  - []
  
      at TestContext.<anonymous> (file:///Users/deanguedo/Documents/GitHub/canvas-helper/scripts/tests/aboriginal-studies-30-parity.test.ts:490:10)
      at Test.runInAsyncScope (node:async_hooks:228:14)
      at Test.run (node:internal/test_runner/test:1118:25)
      at Test.processPendingSubtests (node:internal/test_runner/test:787:18)
      at Test.postRun (node:internal/test_runner/test:1247:19)
      at Test.run (node:internal/test_runner/test:1175:12)
      at async Test.processPendingSubtests (node:internal/test_runner/test:787:7) {
    generatedMessage: false,
    code: 'ERR_ASSERTION',
    actual: [ 'oral-tradition', 'rebuilding-self-government', '2-1-land-stewardship', '2-2-specific-land-claims', 'assignment-3-1-breaking-stereotypes', 'attawapiskat-report', '4-2-rabbit-proof-fence', '4-3-personal-response' ],
    expected: [],
    operator: 'deepStrictEqual',
    diff: 'simple'
  }

test at scripts/tests/aboriginal-studies-30-parity.test.ts:493:1
✖ STATE02-F03: formal-only draft restores in the lesson view (1.684542ms)
  AssertionError [ERR_ASSERTION]: formal-only drafts invisible in lessons: oral-tradition, rebuilding-self-government, 2-1-land-stewardship, 2-2-specific-land-claims, assignment-3-1-breaking-stereotypes, attawapiskat-report, 4-2-rabbit-proof-fence, 4-3-personal-response
  + actual - expected
  
  + [
  +   'oral-tradition',
  +   'rebuilding-self-government',
  +   '2-1-land-stewardship',
  +   '2-2-specific-land-claims',
  +   'assignment-3-1-breaking-stereotypes',
  +   'attawapiskat-report',
  +   '4-2-rabbit-proof-fence',
  +   '4-3-personal-response'
  + ]
  - []
  
      at TestContext.<anonymous> (file:///Users/deanguedo/Documents/GitHub/canvas-helper/scripts/tests/aboriginal-studies-30-parity.test.ts:503:10)
      at Test.runInAsyncScope (node:async_hooks:228:14)
      at Test.run (node:internal/test_runner/test:1118:25)
      at Test.processPendingSubtests (node:internal/test_runner/test:787:18)
      at Test.postRun (node:internal/test_runner/test:1247:19)
      at Test.run (node:internal/test_runner/test:1175:12)
      at async Test.processPendingSubtests (node:internal/test_runner/test:787:7) {
    generatedMessage: false,
    code: 'ERR_ASSERTION',
    actual: [ 'oral-tradition', 'rebuilding-self-government', '2-1-land-stewardship', '2-2-specific-land-claims', 'assignment-3-1-breaking-stereotypes', 'attawapiskat-report', '4-2-rabbit-proof-fence', '4-3-personal-response' ],
    expected: [],
    operator: 'deepStrictEqual',
    diff: 'simple'
  }

test at scripts/tests/aboriginal-studies-30-parity.test.ts:555:1
✖ COMP01: four legacy Mark Complete flags with an empty answer store must not display 100% mastery (0.3215ms)
  AssertionError [ERR_ASSERTION]: flags-only state must not render verified mastery (count: 4 / 4 themes)
      at TestContext.<anonymous> (file:///Users/deanguedo/Documents/GitHub/canvas-helper/scripts/tests/aboriginal-studies-30-parity.test.ts:565:10)
      at Test.runInAsyncScope (node:async_hooks:228:14)
      at Test.run (node:internal/test_runner/test:1118:25)
      at Test.processPendingSubtests (node:internal/test_runner/test:787:18)
      at Test.postRun (node:internal/test_runner/test:1247:19)
      at Test.run (node:internal/test_runner/test:1175:12)
      at async Test.processPendingSubtests (node:internal/test_runner/test:787:7) {
    generatedMessage: false,
    code: 'ERR_ASSERTION',
    actual: '100%',
    expected: '100%',
    operator: 'notStrictEqual',
    diff: 'simple'
  }

test at scripts/tests/aboriginal-studies-30-parity.test.ts:601:1
✖ COMP02: one Q37 cell is not complete; twelve cells are fields-complete, never auto-correct (0.596084ms)
  AssertionError [ERR_ASSERTION]: one filled cell must not count as answered (legacy-boolean)
  
  true !== false
  
      at TestContext.<anonymous> (file:///Users/deanguedo/Documents/GitHub/canvas-helper/scripts/tests/aboriginal-studies-30-parity.test.ts:609:10)
      at Test.runInAsyncScope (node:async_hooks:228:14)
      at Test.run (node:internal/test_runner/test:1118:25)
      at Test.processPendingSubtests (node:internal/test_runner/test:787:18)
      at Test.postRun (node:internal/test_runner/test:1247:19)
      at Test.run (node:internal/test_runner/test:1175:12)
      at async Test.processPendingSubtests (node:internal/test_runner/test:787:7) {
    generatedMessage: false,
    code: 'ERR_ASSERTION',
    actual: true,
    expected: false,
    operator: 'strictEqual',
    diff: 'simple'
  }
