runtime_initialises True 12 required checks
24_routes True 
all_routes_open True 
vocabulary_links_resolve True []
blank_check_blocked True 
wrong_first_hint True 
writing_unlocks True 
editing_saved_writing_is_draft True 
required_completion_and_first_attempt True 1 of 12 checks
guided_wrong_first_hint True 
guided_second_explanation True 
guided_correction_and_progress_isolation True 
vocab_drawer_opens True 
vocab_escape_closes True 
start_flash True 
options_and_items_saved_flash True 
start_blanks True 
options_and_items_saved_blanks True 
start_mc True 
options_and_items_saved_mc True 
start_mixed True 
options_and_items_saved_mixed True 
labeling_ch15-cleavage-label True 
labeling_ch15-germ-layers-label True 
labeling_ch15-support-label True 
labeling_ch15-placenta-label True 
labeling_ch15-birth-feedback-label True 
labeling_ch15-lactation-label True 
transfer_blank_blocked True 
transfer_first_submission_immutable True 
textbook_draft_saved True 
textbook_save True 
textbook_edit_returns_to_draft True 
textbook_image_enlarge True 
responsive_document_overflow True []
all_my_work_has_records True 
no_broken_loaded_embedded_images True []
state_no_embedded_image_payload True 34673 characters
storage_failure_truthful True NOT SAVED: Simulated quota failure Copy visible writing before closing this tab.
no_javascript_page_errors True []

